Archive member included to satisfy reference by file (symbol)

d:/envir/gcc-arm-none-eabi/bin/../lib/gcc/arm-none-eabi/10.3.1/thumb/v7e-m+fp/hard\libgcc.a(_aeabi_uldivmod.o)
                              CMakeFiles/mateROV.elf.dir/Drivers/STM32F4xx_HAL_Driver/Src/stm32f4xx_hal_rcc.c.obj (__aeabi_uldivmod)
d:/envir/gcc-arm-none-eabi/bin/../lib/gcc/arm-none-eabi/10.3.1/thumb/v7e-m+fp/hard\libgcc.a(_udivmoddi4.o)
                              d:/envir/gcc-arm-none-eabi/bin/../lib/gcc/arm-none-eabi/10.3.1/thumb/v7e-m+fp/hard\libgcc.a(_aeabi_uldivmod.o) (__udivmoddi4)
d:/envir/gcc-arm-none-eabi/bin/../lib/gcc/arm-none-eabi/10.3.1/thumb/v7e-m+fp/hard\libgcc.a(unwind-arm.o)
                              CMakeFiles/mateROV.elf.dir/Bsp/Bsp_Tim.cpp.obj (__aeabi_unwind_cpp_pr0)
d:/envir/gcc-arm-none-eabi/bin/../lib/gcc/arm-none-eabi/10.3.1/thumb/v7e-m+fp/hard\libgcc.a(libunwind.o)
                              d:/envir/gcc-arm-none-eabi/bin/../lib/gcc/arm-none-eabi/10.3.1/thumb/v7e-m+fp/hard\libgcc.a(unwind-arm.o) (restore_core_regs)
d:/envir/gcc-arm-none-eabi/bin/../lib/gcc/arm-none-eabi/10.3.1/thumb/v7e-m+fp/hard\libgcc.a(pr-support.o)
                              d:/envir/gcc-arm-none-eabi/bin/../lib/gcc/arm-none-eabi/10.3.1/thumb/v7e-m+fp/hard\libgcc.a(unwind-arm.o) (__gnu_unwind_execute)
d:/envir/gcc-arm-none-eabi/bin/../lib/gcc/arm-none-eabi/10.3.1/thumb/v7e-m+fp/hard\libgcc.a(_dvmd_tls.o)
                              d:/envir/gcc-arm-none-eabi/bin/../lib/gcc/arm-none-eabi/10.3.1/thumb/v7e-m+fp/hard\libgcc.a(_aeabi_uldivmod.o) (__aeabi_ldiv0)
d:/envir/gcc-arm-none-eabi/bin/../lib/gcc/arm-none-eabi/10.3.1/../../../../arm-none-eabi/lib/thumb/v7e-m+fp/hard\libg.a(lib_a-abort.o)
                              d:/envir/gcc-arm-none-eabi/bin/../lib/gcc/arm-none-eabi/10.3.1/thumb/v7e-m+fp/hard\libgcc.a(unwind-arm.o) (abort)
d:/envir/gcc-arm-none-eabi/bin/../lib/gcc/arm-none-eabi/10.3.1/../../../../arm-none-eabi/lib/thumb/v7e-m+fp/hard\libg.a(lib_a-errno.o)
                              CMakeFiles/mateROV.elf.dir/Core/Src/syscalls.c.obj (__errno)
d:/envir/gcc-arm-none-eabi/bin/../lib/gcc/arm-none-eabi/10.3.1/../../../../arm-none-eabi/lib/thumb/v7e-m+fp/hard\libg.a(lib_a-exit.o)
                              d:/envir/gcc-arm-none-eabi/bin/../lib/gcc/arm-none-eabi/10.3.1/../../../../arm-none-eabi/lib/thumb/v7e-m+fp/hard/crt0.o (exit)
d:/envir/gcc-arm-none-eabi/bin/../lib/gcc/arm-none-eabi/10.3.1/../../../../arm-none-eabi/lib/thumb/v7e-m+fp/hard\libg.a(lib_a-impure.o)
                              d:/envir/gcc-arm-none-eabi/bin/../lib/gcc/arm-none-eabi/10.3.1/../../../../arm-none-eabi/lib/thumb/v7e-m+fp/hard\libg.a(lib_a-exit.o) (_global_impure_ptr)
d:/envir/gcc-arm-none-eabi/bin/../lib/gcc/arm-none-eabi/10.3.1/../../../../arm-none-eabi/lib/thumb/v7e-m+fp/hard\libg.a(lib_a-init.o)
                              d:/envir/gcc-arm-none-eabi/bin/../lib/gcc/arm-none-eabi/10.3.1/../../../../arm-none-eabi/lib/thumb/v7e-m+fp/hard/crt0.o (__libc_init_array)
d:/envir/gcc-arm-none-eabi/bin/../lib/gcc/arm-none-eabi/10.3.1/../../../../arm-none-eabi/lib/thumb/v7e-m+fp/hard\libg.a(lib_a-memcpy.o)
                              CMakeFiles/mateROV.elf.dir/Middlewares/Third_Party/FreeRTOS/Source/CMSIS_RTOS_V2/cmsis_os2.c.obj (memcpy)
d:/envir/gcc-arm-none-eabi/bin/../lib/gcc/arm-none-eabi/10.3.1/../../../../arm-none-eabi/lib/thumb/v7e-m+fp/hard\libg.a(lib_a-memset.o)
                              d:/envir/gcc-arm-none-eabi/bin/../lib/gcc/arm-none-eabi/10.3.1/../../../../arm-none-eabi/lib/thumb/v7e-m+fp/hard/crt0.o (memset)
d:/envir/gcc-arm-none-eabi/bin/../lib/gcc/arm-none-eabi/10.3.1/../../../../arm-none-eabi/lib/thumb/v7e-m+fp/hard\libg.a(lib_a-reent.o)
                              CMakeFiles/mateROV.elf.dir/Middlewares/Third_Party/FreeRTOS/Source/tasks.c.obj (_reclaim_reent)
d:/envir/gcc-arm-none-eabi/bin/../lib/gcc/arm-none-eabi/10.3.1/../../../../arm-none-eabi/lib/thumb/v7e-m+fp/hard\libg.a(lib_a-signal.o)
                              d:/envir/gcc-arm-none-eabi/bin/../lib/gcc/arm-none-eabi/10.3.1/../../../../arm-none-eabi/lib/thumb/v7e-m+fp/hard\libg.a(lib_a-abort.o) (raise)
d:/envir/gcc-arm-none-eabi/bin/../lib/gcc/arm-none-eabi/10.3.1/../../../../arm-none-eabi/lib/thumb/v7e-m+fp/hard\libg.a(lib_a-signalr.o)
                              d:/envir/gcc-arm-none-eabi/bin/../lib/gcc/arm-none-eabi/10.3.1/../../../../arm-none-eabi/lib/thumb/v7e-m+fp/hard\libg.a(lib_a-signal.o) (_kill_r)
d:/envir/gcc-arm-none-eabi/bin/../lib/gcc/arm-none-eabi/10.3.1/../../../../arm-none-eabi/lib/thumb/v7e-m+fp/hard\libg.a(lib_a-strlen.o)
                              CMakeFiles/mateROV.elf.dir/User_Drivers/Driver_HI229.cpp.obj (strlen)
d:/envir/gcc-arm-none-eabi/bin/../lib/gcc/arm-none-eabi/10.3.1/../../../../arm-none-eabi/lib/thumb/v7e-m+fp/hard\libg.a(lib_a-__call_atexit.o)
                              d:/envir/gcc-arm-none-eabi/bin/../lib/gcc/arm-none-eabi/10.3.1/../../../../arm-none-eabi/lib/thumb/v7e-m+fp/hard\libg.a(lib_a-exit.o) (__call_exitprocs)
[...]
Memory Configuration

Name             Origin             Length             Attributes
CCMRAM           0x10000000         0x00010000         xrw
RAM              0x20000000         0x00020000         xrw
FLASH            0x08000000         0x00100000         xr
*default*        0x00000000         0xffffffff

Linker script and memory map

LOAD d:/envir/gcc-arm-none-eabi/bin/../lib/gcc/arm-none-eabi/10.3.1/thumb/v7e-m+fp/hard/crti.o
LOAD d:/envir/gcc-arm-none-eabi/bin/../lib/gcc/arm-none-eabi/10.3.1/thumb/v7e-m+fp/hard/crtbegin.o
LOAD d:/envir/gcc-arm-none-eabi/bin/../lib/gcc/arm-none-eabi/10.3.1/../../../../arm-none-eabi/lib/thumb/v7e-m+fp/hard/crt0.o
LOAD CMakeFiles/mateROV.elf.dir/Bsp/Bsp_Tim.cpp.obj
LOAD CMakeFiles/mateROV.elf.dir/Bsp/Bsp_Usart.cpp.obj
LOAD CMakeFiles/mateROV.elf.dir/Core/Src/dma.c.obj
LOAD CMakeFiles/mateROV.elf.dir/Core/Src/freertos.c.obj
LOAD CMakeFiles/mateROV.elf.dir/Core/Src/gpio.c.obj
LOAD CMakeFiles/mateROV.elf.dir/Core/Src/main.c.obj
LOAD CMakeFiles/mateROV.elf.dir/Core/Src/stm32f4xx_hal_msp.c.obj
LOAD CMakeFiles/mateROV.elf.dir/Core/Src/stm32f4xx_hal_timebase_tim.c.obj
LOAD CMakeFiles/mateROV.elf.dir/Core/Src/stm32f4xx_it.c.obj
LOAD CMakeFiles/mateROV.elf.dir/Core/Src/syscalls.c.obj
LOAD CMakeFiles/mateROV.elf.dir/Core/Src/sysmem.c.obj
LOAD CMakeFiles/mateROV.elf.dir/Core/Src/system_stm32f4xx.c.obj
LOAD CMakeFiles/mateROV.elf.dir/Core/Src/tim.c.obj
LOAD CMakeFiles/mateROV.elf.dir/Core/Src/usart.c.obj
LOAD CMakeFiles/mateROV.elf.dir/Core/Startup/startup_stm32f405rgtx.s.obj
LOAD CMakeFiles/mateROV.elf.dir/Drivers/STM32F4xx_HAL_Driver/Src/stm32f4xx_hal.c.obj
LOAD CMakeFiles/mateROV.elf.dir/Drivers/STM32F4xx_HAL_Driver/Src/stm32f4xx_hal_cortex.c.obj
LOAD CMakeFiles/mateROV.elf.dir/Drivers/STM32F4xx_HAL_Driver/Src/stm32f4xx_hal_dma.c.obj
LOAD CMakeFiles/mateROV.elf.dir/Drivers/STM32F4xx_HAL_Driver/Src/stm32f4xx_hal_dma_ex.c.obj
LOAD CMakeFiles/mateROV.elf.dir/Drivers/STM32F4xx_HAL_Driver/Src/stm32f4xx_hal_exti.c.obj
LOAD CMakeFiles/mateROV.elf.dir/Drivers/STM32F4xx_HAL_Driver/Src/stm32f4xx_hal_flash.c.obj
LOAD CMakeFiles/mateROV.elf.dir/Drivers/STM32F4xx_HAL_Driver/Src/stm32f4xx_hal_flash_ex.c.obj
LOAD CMakeFiles/mateROV.elf.dir/Drivers/STM32F4xx_HAL_Driver/Src/stm32f4xx_hal_flash_ramfunc.c.obj
LOAD CMakeFiles/mateROV.elf.dir/Drivers/STM32F4xx_HAL_Driver/Src/stm32f4xx_hal_gpio.c.obj
LOAD CMakeFiles/mateROV.elf.dir/Drivers/STM32F4xx_HAL_Driver/Src/stm32f4xx_hal_pwr.c.obj
LOAD CMakeFiles/mateROV.elf.dir/Drivers/STM32F4xx_HAL_Driver/Src/stm32f4xx_hal_pwr_ex.c.obj
LOAD CMakeFiles/mateROV.elf.dir/Drivers/STM32F4xx_HAL_Driver/Src/stm32f4xx_hal_rcc.c.obj
LOAD CMakeFiles/mateROV.elf.dir/Drivers/STM32F4xx_HAL_Driver/Src/stm32f4xx_hal_rcc_ex.c.obj
LOAD CMakeFiles/mateROV.elf.dir/Drivers/STM32F4xx_HAL_Driver/Src/stm32f4xx_hal_tim.c.obj
LOAD CMakeFiles/mateROV.elf.dir/Drivers/STM32F4xx_HAL_Driver/Src/stm32f4xx_hal_tim_ex.c.obj
LOAD CMakeFiles/mateROV.elf.dir/Drivers/STM32F4xx_HAL_Driver/Src/stm32f4xx_hal_uart.c.obj
LOAD CMakeFiles/mateROV.elf.dir/Math_Lib/Mate_Math.cpp.obj
LOAD CMakeFiles/mateROV.elf.dir/Math_Lib/PID.cpp.obj
LOAD CMakeFiles/mateROV.elf.dir/Middlewares/Third_Party/FreeRTOS/Source/CMSIS_RTOS_V2/cmsis_os2.c.obj
LOAD CMakeFiles/mateROV.elf.dir/Middlewares/Third_Party/FreeRTOS/Source/croutine.c.obj
LOAD CMakeFiles/mateROV.elf.dir/Middlewares/Third_Party/FreeRTOS/Source/event_groups.c.obj
LOAD CMakeFiles/mateROV.elf.dir/Middlewares/Third_Party/FreeRTOS/Source/list.c.obj
LOAD CMakeFiles/mateROV.elf.dir/Middlewares/Third_Party/FreeRTOS/Source/portable/GCC/ARM_CM4F/port.c.obj
LOAD CMakeFiles/mateROV.elf.dir/Middlewares/Third_Party/FreeRTOS/Source/portable/MemMang/heap_4.c.obj
LOAD CMakeFiles/mateROV.elf.dir/Middlewares/Third_Party/FreeRTOS/Source/queue.c.obj
LOAD CMakeFiles/mateROV.elf.dir/Middlewares/Third_Party/FreeRTOS/Source/stream_buffer.c.obj
LOAD CMakeFiles/mateROV.elf.dir/Middlewares/Third_Party/FreeRTOS/Source/tasks.c.obj
LOAD CMakeFiles/mateROV.elf.dir/Middlewares/Third_Party/FreeRTOS/Source/timers.c.obj
LOAD CMakeFiles/mateROV.elf.dir/User_Drivers/Driver_Control.cpp.obj
LOAD CMakeFiles/mateROV.elf.dir/User_Drivers/Driver_HI229.cpp.obj
LOAD CMakeFiles/mateROV.elf.dir/User_Drivers/Driver_LED_E.cpp.obj
LOAD CMakeFiles/mateROV.elf.dir/User_Drivers/Driver_RC.cpp.obj
LOAD CMakeFiles/mateROV.elf.dir/User_Task/Task_HI229.cpp.obj
LOAD CMakeFiles/mateROV.elf.dir/User_Task/Task_LED.cpp.obj
LOAD CMakeFiles/mateROV.elf.dir/User_Task/Task_RC.cpp.obj
LOAD CMakeFiles/mateROV.elf.dir/User_Task/Task_ROV.cpp.obj
LOAD d:/envir/gcc-arm-none-eabi/bin/../lib/gcc/arm-none-eabi/10.3.1/../../../../arm-none-eabi/lib/thumb/v7e-m+fp/hard\libstdc++.a
LOAD d:/envir/gcc-arm-none-eabi/bin/../lib/gcc/arm-none-eabi/10.3.1/../../../../arm-none-eabi/lib/thumb/v7e-m+fp/hard\libm.a
START GROUP
LOAD d:/envir/gcc-arm-none-eabi/bin/../lib/gcc/arm-none-eabi/10.3.1/thumb/v7e-m+fp/hard\libgcc.a
LOAD d:/envir/gcc-arm-none-eabi/bin/../lib/gcc/arm-none-eabi/10.3.1/../../../../arm-none-eabi/lib/thumb/v7e-m+fp/hard\libg.a
LOAD d:/envir/gcc-arm-none-eabi/bin/../lib/gcc/arm-none-eabi/10.3.1/../../../../arm-none-eabi/lib/thumb/v7e-m+fp/hard\libc.a
END GROUP
LOAD d:/envir/gcc-arm-none-eabi/bin/../lib/gcc/arm-none-eabi/10.3.1/thumb/v7e-m+fp/hard/crtend.o
LOAD d:/envir/gcc-arm-none-eabi/bin/../lib/gcc/arm-none-eabi/10.3.1/thumb/v7e-m+fp/hard/crtn.o
                0x20020000                _estack = (ORIGIN (RAM) + LENGTH (RAM))
                0x00000200                _Min_Heap_Size = 0x200
                0x00000400                _Min_Stack_Size = 0x400

.isr_vector     0x08000000      0x188
                0x08000000                . = ALIGN (0x4)
 *(.isr_vector)
 .isr_vector    0x08000000      0x188 CMakeFiles/mateROV.elf.dir/Core/Startup/startup_stm32f405rgtx.s.obj
                0x08000000                g_pfnVectors
                0x08000188                . = ALIGN (0x4)

.text           0x08000190     0x71e0
                0x08000190                . = ALIGN (0x4)
 *(.text)
 .text          0x08000190       0x40 d:/envir/gcc-arm-none-eabi/bin/../lib/gcc/arm-none-eabi/10.3.1/thumb/v7e-m+fp/hard/crtbegin.o
 .text          0x080001d0       0x30 d:/envir/gcc-arm-none-eabi/bin/../lib/gcc/arm-none-eabi/10.3.1/thumb/v7e-m+fp/hard\libgcc.a(_aeabi_uldivmod.o)
                0x080001d0                __aeabi_uldivmod
 .text          0x08000200      0x2d0 d:/envir/gcc-arm-none-eabi/bin/../lib/gcc/arm-none-eabi/10.3.1/thumb/v7e-m+fp/hard\libgcc.a(_udivmoddi4.o)
                0x08000200                __udivmoddi4
 .text          0x080004d0      0x9d8 d:/envir/gcc-arm-none-eabi/bin/../lib/gcc/arm-none-eabi/10.3.1/thumb/v7e-m+fp/hard\libgcc.a(unwind-arm.o)
                0x08000778                _Unwind_GetCFA
                0x0800077c                __gnu_Unwind_RaiseException
                0x080007e4                __gnu_Unwind_ForcedUnwind
                0x080007f4                __gnu_Unwind_Resume
                0x08000838                __gnu_Unwind_Resume_or_Rethrow
                0x08000848                _Unwind_Complete
                0x0800084c                _Unwind_DeleteException
                0x08000858                _Unwind_VRS_Get
                0x080008a4                _Unwind_VRS_Set
                0x080008ec                __gnu_Unwind_Backtrace
                0x08000c18                __aeabi_unwind_cpp_pr0
                0x08000c1c                __aeabi_unwind_cpp_pr1
                0x08000c20                __aeabi_unwind_cpp_pr2
                0x08000c24                _Unwind_VRS_Pop
 .text          0x08000ea8      0x1ac d:/envir/gcc-arm-none-eabi/bin/../lib/gcc/arm-none-eabi/10.3.1/thumb/v7e-m+fp/hard\libgcc.a(libunwind.o)
                0x08000ea8                __restore_core_regs
                0x08000ea8                restore_core_regs
                0x08000ec0                __gnu_Unwind_Restore_VFP
                0x08000ec8                __gnu_Unwind_Save_VFP
                0x08000ed0                __gnu_Unwind_Restore_VFP_D
                0x08000ed8                __gnu_Unwind_Save_VFP_D
                0x08000ee0                __gnu_Unwind_Restore_VFP_D_16_to_31
                0x08000ee8                __gnu_Unwind_Save_VFP_D_16_to_31
                0x08000ef0                __gnu_Unwind_Restore_WMMXD
                0x08000f34                __gnu_Unwind_Save_WMMXD
                0x08000f78                __gnu_Unwind_Restore_WMMXC
                0x08000f8c                __gnu_Unwind_Save_WMMXC
                0x08000fa0                ___Unwind_RaiseException
                0x08000fa0                _Unwind_RaiseException
                0x08000fc4                _Unwind_Resume
                0x08000fc4                ___Unwind_Resume
                0x08000fe8                _Unwind_Resume_or_Rethrow
                0x08000fe8                ___Unwind_Resume_or_Rethrow
                0x0800100c                _Unwind_ForcedUnwind
                0x0800100c                ___Unwind_ForcedUnwind
                0x08001030                ___Unwind_Backtrace
                0x08001030                _Unwind_Backtrace
 .text          0x08001054      0x350 d:/envir/gcc-arm-none-eabi/bin/../lib/gcc/arm-none-eabi/10.3.1/thumb/v7e-m+fp/hard\libgcc.a(pr-support.o)
                0x080010ac                __gnu_unwind_execute
                0x08001358                __gnu_unwind_frame
                0x08001384                _Unwind_GetRegionStart
                0x08001390                _Unwind_GetLanguageSpecificData
 .text          0x080013a4        0x4 d:/envir/gcc-arm-none-eabi/bin/../lib/gcc/arm-none-eabi/10.3.1/thumb/v7e-m+fp/hard\libgcc.a(_dvmd_tls.o)
                0x080013a4                __aeabi_idiv0
                0x080013a4                __aeabi_ldiv0
 .text          0x080013a8      0x134 d:/envir/gcc-arm-none-eabi/bin/../lib/gcc/arm-none-eabi/10.3.1/../../../../arm-none-eabi/lib/thumb/v7e-m+fp/hard\libg.a(lib_a-memcpy.o)
                0x080013a8                memcpy
 *(.text*)
 .text.BspTimPwmInit
                0x080014dc       0x94 CMakeFiles/mateROV.elf.dir/Bsp/Bsp_Tim.cpp.obj
                0x080014dc                BspTimPwmInit
 .text.HAL_UARTEx_RxEventCallback
                0x08001570       0x3c CMakeFiles/mateROV.elf.dir/Bsp/Bsp_Usart.cpp.obj
                0x08001570                HAL_UARTEx_RxEventCallback
 .text.MX_DMA_Init
                0x080015ac       0x44 CMakeFiles/mateROV.elf.dir/Core/Src/dma.c.obj
                0x080015ac                MX_DMA_Init
 .text.MX_FREERTOS_Init
                0x080015f0       0x98 CMakeFiles/mateROV.elf.dir/Core/Src/freertos.c.obj
                0x080015f0                MX_FREERTOS_Init
 .text.MX_GPIO_Init
                0x08001688       0xc0 CMakeFiles/mateROV.elf.dir/Core/Src/gpio.c.obj
                0x08001688                MX_GPIO_Init
 .text.HAL_TIM_PeriodElapsedCallback
                0x08001748       0x18 CMakeFiles/mateROV.elf.dir/Core/Src/main.c.obj
                0x08001748                HAL_TIM_PeriodElapsedCallback
 .text.Error_Handler
                0x08001760        0x4 CMakeFiles/mateROV.elf.dir/Core/Src/main.c.obj
                0x08001760                Error_Handler
 .text.SystemClock_Config
                0x08001764       0xa8 CMakeFiles/mateROV.elf.dir/Core/Src/main.c.obj
                0x08001764                SystemClock_Config
 .text.main     0x0800180c       0x54 CMakeFiles/mateROV.elf.dir/Core/Src/main.c.obj
                0x0800180c                main
 .text.HAL_MspInit
                0x08001860       0x44 CMakeFiles/mateROV.elf.dir/Core/Src/stm32f4xx_hal_msp.c.obj
                0x08001860                HAL_MspInit
 .text.HAL_InitTick
                0x080018a4       0xa4 CMakeFiles/mateROV.elf.dir/Core/Src/stm32f4xx_hal_timebase_tim.c.obj
                0x080018a4                HAL_InitTick
 .text.NMI_Handler
                0x08001948        0x2 CMakeFiles/mateROV.elf.dir/Core/Src/stm32f4xx_it.c.obj
                0x08001948                NMI_Handler
 .text.HardFault_Handler
                0x0800194a        0x2 CMakeFiles/mateROV.elf.dir/Core/Src/stm32f4xx_it.c.obj
                0x0800194a                HardFault_Handler
 .text.MemManage_Handler
                0x0800194c        0x2 CMakeFiles/mateROV.elf.dir/Core/Src/stm32f4xx_it.c.obj
                0x0800194c                MemManage_Handler
 .text.BusFault_Handler
                0x0800194e        0x2 CMakeFiles/mateROV.elf.dir/Core/Src/stm32f4xx_it.c.obj
                0x0800194e                BusFault_Handler
 .text.UsageFault_Handler
                0x08001950        0x2 CMakeFiles/mateROV.elf.dir/Core/Src/stm32f4xx_it.c.obj
                0x08001950                UsageFault_Handler
 .text.DebugMon_Handler
                0x08001952        0x2 CMakeFiles/mateROV.elf.dir/Core/Src/stm32f4xx_it.c.obj
                0x08001952                DebugMon_Handler
 .text.USART1_IRQHandler
                0x08001954       0x10 CMakeFiles/mateROV.elf.dir/Core/Src/stm32f4xx_it.c.obj
                0x08001954                USART1_IRQHandler
 .text.TIM7_IRQHandler
                0x08001964       0x10 CMakeFiles/mateROV.elf.dir/Core/Src/stm32f4xx_it.c.obj
                0x08001964                TIM7_IRQHandler
 .text.DMA2_Stream1_IRQHandler
                0x08001974       0x10 CMakeFiles/mateROV.elf.dir/Core/Src/stm32f4xx_it.c.obj
                0x08001974                DMA2_Stream1_IRQHandler
 .text.DMA2_Stream2_IRQHandler
                0x08001984       0x10 CMakeFiles/mateROV.elf.dir/Core/Src/stm32f4xx_it.c.obj
                0x08001984                DMA2_Stream2_IRQHandler
 .text.USART6_IRQHandler
                0x08001994       0x10 CMakeFiles/mateROV.elf.dir/Core/Src/stm32f4xx_it.c.obj
                0x08001994                USART6_IRQHandler
 .text._getpid  0x080019a4        0x4 CMakeFiles/mateROV.elf.dir/Core/Src/syscalls.c.obj
                0x080019a4                _getpid
 .text._kill    0x080019a8       0x10 CMakeFiles/mateROV.elf.dir/Core/Src/syscalls.c.obj
                0x080019a8                _kill
 .text._exit    0x080019b8        0xc CMakeFiles/mateROV.elf.dir/Core/Src/syscalls.c.obj
                0x080019b8                _exit
 .text._sbrk    0x080019c4       0x48 CMakeFiles/mateROV.elf.dir/Core/Src/sysmem.c.obj
                0x080019c4                _sbrk
 .text.SystemInit
                0x08001a0c       0x14 CMakeFiles/mateROV.elf.dir/Core/Src/system_stm32f4xx.c.obj
                0x08001a0c                SystemInit
 .text.HAL_TIM_Base_MspInit
                0x08001a20       0x74 CMakeFiles/mateROV.elf.dir/Core/Src/tim.c.obj
                0x08001a20                HAL_TIM_Base_MspInit
 .text.HAL_TIM_PWM_MspInit
                0x08001a94       0x54 CMakeFiles/mateROV.elf.dir/Core/Src/tim.c.obj
                0x08001a94                HAL_TIM_PWM_MspInit
 .text.HAL_TIM_MspPostInit
                0x08001ae8      0x160 CMakeFiles/mateROV.elf.dir/Core/Src/tim.c.obj
                0x08001ae8                HAL_TIM_MspPostInit
 .text.MX_TIM1_Init
                0x08001c48      0x164 CMakeFiles/mateROV.elf.dir/Core/Src/tim.c.obj
                0x08001c48                MX_TIM1_Init
 .text.MX_TIM2_Init
                0x08001dac       0xdc CMakeFiles/mateROV.elf.dir/Core/Src/tim.c.obj
                0x08001dac                MX_TIM2_Init
 .text.MX_TIM3_Init
                0x08001e88      0x11c CMakeFiles/mateROV.elf.dir/Core/Src/tim.c.obj
                0x08001e88                MX_TIM3_Init
 .text.MX_TIM4_Init
                0x08001fa4       0xac CMakeFiles/mateROV.elf.dir/Core/Src/tim.c.obj
                0x08001fa4                MX_TIM4_Init
 .text.MX_TIM12_Init
                0x08002050       0x80 CMakeFiles/mateROV.elf.dir/Core/Src/tim.c.obj
                0x08002050                MX_TIM12_Init
 .text.MX_USART1_UART_Init
                0x080020d0       0x34 CMakeFiles/mateROV.elf.dir/Core/Src/usart.c.obj
                0x080020d0                MX_USART1_UART_Init
 .text.MX_USART6_UART_Init
                0x08002104       0x34 CMakeFiles/mateROV.elf.dir/Core/Src/usart.c.obj
                0x08002104                MX_USART6_UART_Init
 .text.HAL_UART_MspInit
                0x08002138      0x164 CMakeFiles/mateROV.elf.dir/Core/Src/usart.c.obj
                0x08002138                HAL_UART_MspInit
 .text.Reset_Handler
                0x0800229c       0x50 CMakeFiles/mateROV.elf.dir/Core/Startup/startup_stm32f405rgtx.s.obj
                0x0800229c                Reset_Handler
 .text.Default_Handler
                0x080022ec        0x2 CMakeFiles/mateROV.elf.dir/Core/Startup/startup_stm32f405rgtx.s.obj
                0x080022ec                RTC_Alarm_IRQHandler
                0x080022ec                HASH_RNG_IRQHandler
                0x080022ec                EXTI2_IRQHandler
                0x080022ec                TIM8_CC_IRQHandler
                0x080022ec                TIM1_CC_IRQHandler
                0x080022ec                DMA2_Stream5_IRQHandler
                0x080022ec                DMA1_Stream5_IRQHandler
                0x080022ec                PVD_IRQHandler
                0x080022ec                SDIO_IRQHandler
                0x080022ec                TAMP_STAMP_IRQHandler
                0x080022ec                CAN2_RX1_IRQHandler
                0x080022ec                EXTI3_IRQHandler
                0x080022ec                TIM8_TRG_COM_TIM14_IRQHandler
                0x080022ec                TIM1_UP_TIM10_IRQHandler
                0x080022ec                TIM8_UP_TIM13_IRQHandler
                0x080022ec                I2C3_ER_IRQHandler
                0x080022ec                EXTI0_IRQHandler
                0x080022ec                I2C2_EV_IRQHandler
                0x080022ec                DMA1_Stream2_IRQHandler
                0x080022ec                CAN1_RX0_IRQHandler
                0x080022ec                FPU_IRQHandler
                0x080022ec                OTG_HS_WKUP_IRQHandler
                0x080022ec                CAN2_SCE_IRQHandler
                0x080022ec                SPI1_IRQHandler
                0x080022ec                TIM6_DAC_IRQHandler
                0x080022ec                TIM1_BRK_TIM9_IRQHandler
                0x080022ec                CAN2_RX0_IRQHandler
                0x080022ec                DMA2_Stream3_IRQHandler
                0x080022ec                USART3_IRQHandler
                0x080022ec                CAN1_RX1_IRQHandler
                0x080022ec                UART5_IRQHandler
                0x080022ec                DMA2_Stream0_IRQHandler
                0x080022ec                TIM4_IRQHandler
                0x080022ec                I2C1_EV_IRQHandler
                0x080022ec                DMA1_Stream6_IRQHandler
                0x080022ec                DMA1_Stream1_IRQHandler
                0x080022ec                UART4_IRQHandler
                0x080022ec                TIM3_IRQHandler
                0x080022ec                RCC_IRQHandler
                0x080022ec                TIM8_BRK_TIM12_IRQHandler
                0x080022ec                Default_Handler
                0x080022ec                EXTI15_10_IRQHandler
                0x080022ec                ADC_IRQHandler
                0x080022ec                DMA1_Stream7_IRQHandler
                0x080022ec                CAN2_TX_IRQHandler
                0x080022ec                TIM5_IRQHandler
                0x080022ec                DMA2_Stream7_IRQHandler
                0x080022ec                I2C3_EV_IRQHandler
                0x080022ec                EXTI9_5_IRQHandler
                0x080022ec                RTC_WKUP_IRQHandler
                0x080022ec                SPI2_IRQHandler
                0x080022ec                OTG_HS_EP1_IN_IRQHandler
                0x080022ec                DMA1_Stream0_IRQHandler
                0x080022ec                CAN1_TX_IRQHandler
                0x080022ec                EXTI4_IRQHandler
                0x080022ec                FSMC_IRQHandler
                0x080022ec                OTG_HS_EP1_OUT_IRQHandler
                0x080022ec                WWDG_IRQHandler
                0x080022ec                TIM2_IRQHandler
                0x080022ec                OTG_FS_WKUP_IRQHandler
                0x080022ec                TIM1_TRG_COM_TIM11_IRQHandler
                0x080022ec                OTG_HS_IRQHandler
                0x080022ec                EXTI1_IRQHandler
                0x080022ec                USART2_IRQHandler
                0x080022ec                I2C2_ER_IRQHandler
                0x080022ec                CAN1_SCE_IRQHandler
                0x080022ec                FLASH_IRQHandler
                0x080022ec                DMA2_Stream4_IRQHandler
                0x080022ec                OTG_FS_IRQHandler
                0x080022ec                SPI3_IRQHandler
                0x080022ec                DMA1_Stream4_IRQHandler
                0x080022ec                I2C1_ER_IRQHandler
                0x080022ec                DMA2_Stream6_IRQHandler
                0x080022ec                DMA1_Stream3_IRQHandler
 *fill*         0x080022ee        0x2 
 .text.HAL_Init
                0x080022f0       0x34 CMakeFiles/mateROV.elf.dir/Drivers/STM32F4xx_HAL_Driver/Src/stm32f4xx_hal.c.obj
                0x080022f0                HAL_Init
 .text.HAL_IncTick
                0x08002324       0x18 CMakeFiles/mateROV.elf.dir/Drivers/STM32F4xx_HAL_Driver/Src/stm32f4xx_hal.c.obj
                0x08002324                HAL_IncTick
 .text.HAL_GetTick
                0x0800233c        0xc CMakeFiles/mateROV.elf.dir/Drivers/STM32F4xx_HAL_Driver/Src/stm32f4xx_hal.c.obj
                0x0800233c                HAL_GetTick
 .text.HAL_NVIC_SetPriorityGrouping
                0x08002348       0x24 CMakeFiles/mateROV.elf.dir/Drivers/STM32F4xx_HAL_Driver/Src/stm32f4xx_hal_cortex.c.obj
                0x08002348                HAL_NVIC_SetPriorityGrouping
 .text.HAL_NVIC_SetPriority
                0x0800236c       0x70 CMakeFiles/mateROV.elf.dir/Drivers/STM32F4xx_HAL_Driver/Src/stm32f4xx_hal_cortex.c.obj
                0x0800236c                HAL_NVIC_SetPriority
 .text.HAL_NVIC_EnableIRQ
                0x080023dc       0x1c CMakeFiles/mateROV.elf.dir/Drivers/STM32F4xx_HAL_Driver/Src/stm32f4xx_hal_cortex.c.obj
                0x080023dc                HAL_NVIC_EnableIRQ
 .text.DMA_SetConfig
                0x080023f8       0x2c CMakeFiles/mateROV.elf.dir/Drivers/STM32F4xx_HAL_Driver/Src/stm32f4xx_hal_dma.c.obj
 .text.DMA_CalcBaseAndBitshift
                0x08002424       0x44 CMakeFiles/mateROV.elf.dir/Drivers/STM32F4xx_HAL_Driver/Src/stm32f4xx_hal_dma.c.obj
 .text.DMA_CheckFifoParam
                0x08002468       0x8e CMakeFiles/mateROV.elf.dir/Drivers/STM32F4xx_HAL_Driver/Src/stm32f4xx_hal_dma.c.obj
 *fill*         0x080024f6        0x2 
 .text.HAL_DMA_Init
                0x080024f8       0xcc CMakeFiles/mateROV.elf.dir/Drivers/STM32F4xx_HAL_Driver/Src/stm32f4xx_hal_dma.c.obj
                0x080024f8                HAL_DMA_Init
 .text.HAL_DMA_Start_IT
                0x080025c4       0x6a CMakeFiles/mateROV.elf.dir/Drivers/STM32F4xx_HAL_Driver/Src/stm32f4xx_hal_dma.c.obj
                0x080025c4                HAL_DMA_Start_IT
 .text.HAL_DMA_Abort
                0x0800262e       0x94 CMakeFiles/mateROV.elf.dir/Drivers/STM32F4xx_HAL_Driver/Src/stm32f4xx_hal_dma.c.obj
                0x0800262e                HAL_DMA_Abort
 .text.HAL_DMA_Abort_IT
                0x080026c2       0x26 CMakeFiles/mateROV.elf.dir/Drivers/STM32F4xx_HAL_Driver/Src/stm32f4xx_hal_dma.c.obj
                0x080026c2                HAL_DMA_Abort_IT
 .text.HAL_DMA_IRQHandler
                0x080026e8      0x1dc CMakeFiles/mateROV.elf.dir/Drivers/STM32F4xx_HAL_Driver/Src/stm32f4xx_hal_dma.c.obj
                0x080026e8                HAL_DMA_IRQHandler
 .text.HAL_GPIO_Init
                0x080028c4      0x1e4 CMakeFiles/mateROV.elf.dir/Drivers/STM32F4xx_HAL_Driver/Src/stm32f4xx_hal_gpio.c.obj
                0x080028c4                HAL_GPIO_Init
 .text.HAL_GPIO_WritePin
                0x08002aa8        0xc CMakeFiles/mateROV.elf.dir/Drivers/STM32F4xx_HAL_Driver/Src/stm32f4xx_hal_gpio.c.obj
                0x08002aa8                HAL_GPIO_WritePin
 .text.HAL_GPIO_TogglePin
                0x08002ab4       0x12 CMakeFiles/mateROV.elf.dir/Drivers/STM32F4xx_HAL_Driver/Src/stm32f4xx_hal_gpio.c.obj
                0x08002ab4                HAL_GPIO_TogglePin
 *fill*         0x08002ac6        0x2 
 .text.HAL_RCC_OscConfig
                0x08002ac8      0x3f8 CMakeFiles/mateROV.elf.dir/Drivers/STM32F4xx_HAL_Driver/Src/stm32f4xx_hal_rcc.c.obj
                0x08002ac8                HAL_RCC_OscConfig
 .text.HAL_RCC_GetSysClockFreq
                0x08002ec0       0xd4 CMakeFiles/mateROV.elf.dir/Drivers/STM32F4xx_HAL_Driver/Src/stm32f4xx_hal_rcc.c.obj
                0x08002ec0                HAL_RCC_GetSysClockFreq
 .text.HAL_RCC_ClockConfig
                0x08002f94      0x160 CMakeFiles/mateROV.elf.dir/Drivers/STM32F4xx_HAL_Driver/Src/stm32f4xx_hal_rcc.c.obj
                0x08002f94                HAL_RCC_ClockConfig
 .text.HAL_RCC_GetHCLKFreq
                0x080030f4        0xc CMakeFiles/mateROV.elf.dir/Drivers/STM32F4xx_HAL_Driver/Src/stm32f4xx_hal_rcc.c.obj
                0x080030f4                HAL_RCC_GetHCLKFreq
 .text.HAL_RCC_GetPCLK1Freq
                0x08003100       0x20 CMakeFiles/mateROV.elf.dir/Drivers/STM32F4xx_HAL_Driver/Src/stm32f4xx_hal_rcc.c.obj
                0x08003100                HAL_RCC_GetPCLK1Freq
 .text.HAL_RCC_GetPCLK2Freq
                0x08003120       0x20 CMakeFiles/mateROV.elf.dir/Drivers/STM32F4xx_HAL_Driver/Src/stm32f4xx_hal_rcc.c.obj
                0x08003120                HAL_RCC_GetPCLK2Freq
 .text.HAL_RCC_GetClockConfig
                0x08003140       0x3c CMakeFiles/mateROV.elf.dir/Drivers/STM32F4xx_HAL_Driver/Src/stm32f4xx_hal_rcc.c.obj
                0x08003140                HAL_RCC_GetClockConfig
 .text.TIM_OC1_SetConfig
                0x0800317c       0x68 CMakeFiles/mateROV.elf.dir/Drivers/STM32F4xx_HAL_Driver/Src/stm32f4xx_hal_tim.c.obj
 .text.TIM_OC3_SetConfig
                0x080031e4       0x70 CMakeFiles/mateROV.elf.dir/Drivers/STM32F4xx_HAL_Driver/Src/stm32f4xx_hal_tim.c.obj
 .text.TIM_OC4_SetConfig
                0x08003254       0x50 CMakeFiles/mateROV.elf.dir/Drivers/STM32F4xx_HAL_Driver/Src/stm32f4xx_hal_tim.c.obj
 .text.TIM_TI1_ConfigInputStage
                0x080032a4       0x26 CMakeFiles/mateROV.elf.dir/Drivers/STM32F4xx_HAL_Driver/Src/stm32f4xx_hal_tim.c.obj
 .text.TIM_TI2_ConfigInputStage
                0x080032ca       0x28 CMakeFiles/mateROV.elf.dir/Drivers/STM32F4xx_HAL_Driver/Src/stm32f4xx_hal_tim.c.obj
 .text.TIM_ITRx_SetConfig
                0x080032f2       0x10 CMakeFiles/mateROV.elf.dir/Drivers/STM32F4xx_HAL_Driver/Src/stm32f4xx_hal_tim.c.obj
 *fill*         0x08003302        0x2 
 .text.HAL_TIM_Base_Start_IT
                0x08003304       0x88 CMakeFiles/mateROV.elf.dir/Drivers/STM32F4xx_HAL_Driver/Src/stm32f4xx_hal_tim.c.obj
                0x08003304                HAL_TIM_Base_Start_IT
 .text.HAL_TIM_OC_DelayElapsedCallback
                0x0800338c        0x2 CMakeFiles/mateROV.elf.dir/Drivers/STM32F4xx_HAL_Driver/Src/stm32f4xx_hal_tim.c.obj
                0x0800338c                HAL_TIM_OC_DelayElapsedCallback
 .text.HAL_TIM_IC_CaptureCallback
                0x0800338e        0x2 CMakeFiles/mateROV.elf.dir/Drivers/STM32F4xx_HAL_Driver/Src/stm32f4xx_hal_tim.c.obj
                0x0800338e                HAL_TIM_IC_CaptureCallback
 .text.HAL_TIM_PWM_PulseFinishedCallback
                0x08003390        0x2 CMakeFiles/mateROV.elf.dir/Drivers/STM32F4xx_HAL_Driver/Src/stm32f4xx_hal_tim.c.obj
                0x08003390                HAL_TIM_PWM_PulseFinishedCallback
 .text.HAL_TIM_TriggerCallback
                0x08003392        0x2 CMakeFiles/mateROV.elf.dir/Drivers/STM32F4xx_HAL_Driver/Src/stm32f4xx_hal_tim.c.obj
                0x08003392                HAL_TIM_TriggerCallback
 .text.HAL_TIM_IRQHandler
                0x08003394      0x15e CMakeFiles/mateROV.elf.dir/Drivers/STM32F4xx_HAL_Driver/Src/stm32f4xx_hal_tim.c.obj
                0x08003394                HAL_TIM_IRQHandler
 *fill*         0x080034f2        0x2 
 .text.TIM_Base_SetConfig
                0x080034f4       0xd8 CMakeFiles/mateROV.elf.dir/Drivers/STM32F4xx_HAL_Driver/Src/stm32f4xx_hal_tim.c.obj
                0x080034f4                TIM_Base_SetConfig
 .text.HAL_TIM_Base_Init
                0x080035cc       0x58 CMakeFiles/mateROV.elf.dir/Drivers/STM32F4xx_HAL_Driver/Src/stm32f4xx_hal_tim.c.obj
                0x080035cc                HAL_TIM_Base_Init
 .text.HAL_TIM_PWM_Init
                0x08003624       0x58 CMakeFiles/mateROV.elf.dir/Drivers/STM32F4xx_HAL_Driver/Src/stm32f4xx_hal_tim.c.obj
                0x08003624                HAL_TIM_PWM_Init
 .text.TIM_OC2_SetConfig
                0x0800367c       0x70 CMakeFiles/mateROV.elf.dir/Drivers/STM32F4xx_HAL_Driver/Src/stm32f4xx_hal_tim.c.obj
                0x0800367c                TIM_OC2_SetConfig
 .text.HAL_TIM_PWM_ConfigChannel
                0x080036ec       0xdc CMakeFiles/mateROV.elf.dir/Drivers/STM32F4xx_HAL_Driver/Src/stm32f4xx_hal_tim.c.obj
                0x080036ec                HAL_TIM_PWM_ConfigChannel
 .text.TIM_ETR_SetConfig
                0x080037c8       0x1a CMakeFiles/mateROV.elf.dir/Drivers/STM32F4xx_HAL_Driver/Src/stm32f4xx_hal_tim.c.obj
                0x080037c8                TIM_ETR_SetConfig
 .text.HAL_TIM_ConfigClockSource
                0x080037e2       0xfe CMakeFiles/mateROV.elf.dir/Drivers/STM32F4xx_HAL_Driver/Src/stm32f4xx_hal_tim.c.obj
                0x080037e2                HAL_TIM_ConfigClockSource
 .text.TIM_CCxChannelCmd
                0x080038e0       0x1e CMakeFiles/mateROV.elf.dir/Drivers/STM32F4xx_HAL_Driver/Src/stm32f4xx_hal_tim.c.obj
                0x080038e0                TIM_CCxChannelCmd
 *fill*         0x080038fe        0x2 
 .text.HAL_TIM_PWM_Start
                0x08003900      0x104 CMakeFiles/mateROV.elf.dir/Drivers/STM32F4xx_HAL_Driver/Src/stm32f4xx_hal_tim.c.obj
                0x08003900                HAL_TIM_PWM_Start
 .text.HAL_TIMEx_MasterConfigSynchronization
                0x08003a04       0x8c CMakeFiles/mateROV.elf.dir/Drivers/STM32F4xx_HAL_Driver/Src/stm32f4xx_hal_tim_ex.c.obj
                0x08003a04                HAL_TIMEx_MasterConfigSynchronization
 .text.HAL_TIMEx_ConfigBreakDeadTime
                0x08003a90       0x52 CMakeFiles/mateROV.elf.dir/Drivers/STM32F4xx_HAL_Driver/Src/stm32f4xx_hal_tim_ex.c.obj
                0x08003a90                HAL_TIMEx_ConfigBreakDeadTime
 .text.HAL_TIMEx_CommutCallback
                0x08003ae2        0x2 CMakeFiles/mateROV.elf.dir/Drivers/STM32F4xx_HAL_Driver/Src/stm32f4xx_hal_tim_ex.c.obj
                0x08003ae2                HAL_TIMEx_CommutCallback
 .text.HAL_TIMEx_BreakCallback
                0x08003ae4        0x2 CMakeFiles/mateROV.elf.dir/Drivers/STM32F4xx_HAL_Driver/Src/stm32f4xx_hal_tim_ex.c.obj
                0x08003ae4                HAL_TIMEx_BreakCallback
 .text.UART_EndTxTransfer
                0x08003ae6       0x20 CMakeFiles/mateROV.elf.dir/Drivers/STM32F4xx_HAL_Driver/Src/stm32f4xx_hal_uart.c.obj
 .text.UART_EndRxTransfer
                0x08003b06       0x5c CMakeFiles/mateROV.elf.dir/Drivers/STM32F4xx_HAL_Driver/Src/stm32f4xx_hal_uart.c.obj
 .text.UART_Transmit_IT
                0x08003b62       0x60 CMakeFiles/mateROV.elf.dir/Drivers/STM32F4xx_HAL_Driver/Src/stm32f4xx_hal_uart.c.obj
 *fill*         0x08003bc2        0x2 
 .text.UART_SetConfig
                0x08003bc4      0x110 CMakeFiles/mateROV.elf.dir/Drivers/STM32F4xx_HAL_Driver/Src/stm32f4xx_hal_uart.c.obj
 .text.HAL_UART_Init
                0x08003cd4       0x60 CMakeFiles/mateROV.elf.dir/Drivers/STM32F4xx_HAL_Driver/Src/stm32f4xx_hal_uart.c.obj
                0x08003cd4                HAL_UART_Init
 .text.HAL_UART_TxCpltCallback
                0x08003d34        0x2 CMakeFiles/mateROV.elf.dir/Drivers/STM32F4xx_HAL_Driver/Src/stm32f4xx_hal_uart.c.obj
                0x08003d34                HAL_UART_TxCpltCallback
 .text.UART_EndTransmit_IT
                0x08003d36       0x1a CMakeFiles/mateROV.elf.dir/Drivers/STM32F4xx_HAL_Driver/Src/stm32f4xx_hal_uart.c.obj
 .text.HAL_UART_RxCpltCallback
                0x08003d50        0x2 CMakeFiles/mateROV.elf.dir/Drivers/STM32F4xx_HAL_Driver/Src/stm32f4xx_hal_uart.c.obj
                0x08003d50                HAL_UART_RxCpltCallback
 .text.HAL_UART_RxHalfCpltCallback
                0x08003d52        0x2 CMakeFiles/mateROV.elf.dir/Drivers/STM32F4xx_HAL_Driver/Src/stm32f4xx_hal_uart.c.obj
                0x08003d52                HAL_UART_RxHalfCpltCallback
 .text.HAL_UART_ErrorCallback
                0x08003d54        0x2 CMakeFiles/mateROV.elf.dir/Drivers/STM32F4xx_HAL_Driver/Src/stm32f4xx_hal_uart.c.obj
                0x08003d54                HAL_UART_ErrorCallback
 .text.UART_DMAError
                0x08003d56       0x58 CMakeFiles/mateROV.elf.dir/Drivers/STM32F4xx_HAL_Driver/Src/stm32f4xx_hal_uart.c.obj
 .text.UART_DMAAbortOnError
                0x08003dae       0x10 CMakeFiles/mateROV.elf.dir/Drivers/STM32F4xx_HAL_Driver/Src/stm32f4xx_hal_uart.c.obj
 .text.UART_Receive_IT
                0x08003dbe       0xe6 CMakeFiles/mateROV.elf.dir/Drivers/STM32F4xx_HAL_Driver/Src/stm32f4xx_hal_uart.c.obj
 .text.HAL_UART_IRQHandler
                0x08003ea4      0x288 CMakeFiles/mateROV.elf.dir/Drivers/STM32F4xx_HAL_Driver/Src/stm32f4xx_hal_uart.c.obj
                0x08003ea4                HAL_UART_IRQHandler
 .text.UART_DMARxHalfCplt
                0x0800412c       0x1e CMakeFiles/mateROV.elf.dir/Drivers/STM32F4xx_HAL_Driver/Src/stm32f4xx_hal_uart.c.obj
 .text.UART_DMAReceiveCplt
                0x0800414a       0x9a CMakeFiles/mateROV.elf.dir/Drivers/STM32F4xx_HAL_Driver/Src/stm32f4xx_hal_uart.c.obj
 .text.UART_Start_Receive_DMA
                0x080041e4       0xa4 CMakeFiles/mateROV.elf.dir/Drivers/STM32F4xx_HAL_Driver/Src/stm32f4xx_hal_uart.c.obj
                0x080041e4                UART_Start_Receive_DMA
 .text.HAL_UARTEx_ReceiveToIdle_DMA
                0x08004288       0x66 CMakeFiles/mateROV.elf.dir/Drivers/STM32F4xx_HAL_Driver/Src/stm32f4xx_hal_uart.c.obj
                0x08004288                HAL_UARTEx_ReceiveToIdle_DMA
 *fill*         0x080042ee        0x2 
 .text.Ascii_ChangeFuc_Init
                0x080042f0       0x68 CMakeFiles/mateROV.elf.dir/Math_Lib/Mate_Math.cpp.obj
                0x080042f0                Ascii_ChangeFuc_Init
 .text.pid_init
                0x08004358       0x16 CMakeFiles/mateROV.elf.dir/Math_Lib/PID.cpp.obj
                0x08004358                pid_init
 .text.SysTick_Handler
                0x0800436e       0x18 CMakeFiles/mateROV.elf.dir/Middlewares/Third_Party/FreeRTOS/Source/CMSIS_RTOS_V2/cmsis_os2.c.obj
                0x0800436e                SysTick_Handler
 *fill*         0x08004386        0x2 
 .text.osKernelInitialize
                0x08004388       0x24 CMakeFiles/mateROV.elf.dir/Middlewares/Third_Party/FreeRTOS/Source/CMSIS_RTOS_V2/cmsis_os2.c.obj
                0x08004388                osKernelInitialize
 .text.osKernelStart
                0x080043ac       0x38 CMakeFiles/mateROV.elf.dir/Middlewares/Third_Party/FreeRTOS/Source/CMSIS_RTOS_V2/cmsis_os2.c.obj
                0x080043ac                osKernelStart
 .text.osThreadNew
                0x080043e4       0xbe CMakeFiles/mateROV.elf.dir/Middlewares/Third_Party/FreeRTOS/Source/CMSIS_RTOS_V2/cmsis_os2.c.obj
                0x080043e4                osThreadNew
 .text.osDelay  0x080044a2       0x1c CMakeFiles/mateROV.elf.dir/Middlewares/Third_Party/FreeRTOS/Source/CMSIS_RTOS_V2/cmsis_os2.c.obj
                0x080044a2                osDelay
 .text.osSemaphoreNew
                0x080044be       0xb4 CMakeFiles/mateROV.elf.dir/Middlewares/Third_Party/FreeRTOS/Source/CMSIS_RTOS_V2/cmsis_os2.c.obj
                0x080044be                osSemaphoreNew
 .text.osSemaphoreAcquire
                0x08004572       0x68 CMakeFiles/mateROV.elf.dir/Middlewares/Third_Party/FreeRTOS/Source/CMSIS_RTOS_V2/cmsis_os2.c.obj
                0x08004572                osSemaphoreAcquire
 .text.osSemaphoreRelease
                0x080045da       0x5e CMakeFiles/mateROV.elf.dir/Middlewares/Third_Party/FreeRTOS/Source/CMSIS_RTOS_V2/cmsis_os2.c.obj
                0x080045da                osSemaphoreRelease
 .text.vApplicationGetIdleTaskMemory
                0x08004638       0x18 CMakeFiles/mateROV.elf.dir/Middlewares/Third_Party/FreeRTOS/Source/CMSIS_RTOS_V2/cmsis_os2.c.obj
                0x08004638                vApplicationGetIdleTaskMemory
 .text.vApplicationGetTimerTaskMemory
                0x08004650       0x18 CMakeFiles/mateROV.elf.dir/Middlewares/Third_Party/FreeRTOS/Source/CMSIS_RTOS_V2/cmsis_os2.c.obj
                0x08004650                vApplicationGetTimerTaskMemory
 .text.vListInitialise
                0x08004668       0x16 CMakeFiles/mateROV.elf.dir/Middlewares/Third_Party/FreeRTOS/Source/list.c.obj
                0x08004668                vListInitialise
 .text.vListInitialiseItem
                0x0800467e        0x6 CMakeFiles/mateROV.elf.dir/Middlewares/Third_Party/FreeRTOS/Source/list.c.obj
                0x0800467e                vListInitialiseItem
 .text.vListInsertEnd
                0x08004684       0x16 CMakeFiles/mateROV.elf.dir/Middlewares/Third_Party/FreeRTOS/Source/list.c.obj
                0x08004684                vListInsertEnd
 .text.vListInsert
                0x0800469a       0x32 CMakeFiles/mateROV.elf.dir/Middlewares/Third_Party/FreeRTOS/Source/list.c.obj
                0x0800469a                vListInsert
 .text.uxListRemove
                0x080046cc       0x26 CMakeFiles/mateROV.elf.dir/Middlewares/Third_Party/FreeRTOS/Source/list.c.obj
                0x080046cc                uxListRemove
 *fill*         0x080046f2        0x2 
 .text.prvTaskExitError
                0x080046f4       0x40 CMakeFiles/mateROV.elf.dir/Middlewares/Third_Party/FreeRTOS/Source/portable/GCC/ARM_CM4F/port.c.obj
 .text.prvPortStartFirstTask
                0x08004734       0x28 CMakeFiles/mateROV.elf.dir/Middlewares/Third_Party/FreeRTOS/Source/portable/GCC/ARM_CM4F/port.c.obj
 .text.vPortEnableVFP
                0x0800475c       0x14 CMakeFiles/mateROV.elf.dir/Middlewares/Third_Party/FreeRTOS/Source/portable/GCC/ARM_CM4F/port.c.obj
 .text.pxPortInitialiseStack
                0x08004770       0x2c CMakeFiles/mateROV.elf.dir/Middlewares/Third_Party/FreeRTOS/Source/portable/GCC/ARM_CM4F/port.c.obj
                0x08004770                pxPortInitialiseStack
 *fill*         0x0800479c        0x4 
 .text.SVC_Handler
                0x080047a0       0x24 CMakeFiles/mateROV.elf.dir/Middlewares/Third_Party/FreeRTOS/Source/portable/GCC/ARM_CM4F/port.c.obj
                0x080047a0                SVC_Handler
 .text.vPortEnterCritical
                0x080047c4       0x44 CMakeFiles/mateROV.elf.dir/Middlewares/Third_Party/FreeRTOS/Source/portable/GCC/ARM_CM4F/port.c.obj
                0x080047c4                vPortEnterCritical
 .text.vPortExitCritical
                0x08004808       0x2c CMakeFiles/mateROV.elf.dir/Middlewares/Third_Party/FreeRTOS/Source/portable/GCC/ARM_CM4F/port.c.obj
                0x08004808                vPortExitCritical
 *fill*         0x08004834        0xc 
 .text.PendSV_Handler
                0x08004840       0x64 CMakeFiles/mateROV.elf.dir/Middlewares/Third_Party/FreeRTOS/Source/portable/GCC/ARM_CM4F/port.c.obj
                0x08004840                PendSV_Handler
 .text.xPortSysTickHandler
                0x080048a4       0x2c CMakeFiles/mateROV.elf.dir/Middlewares/Third_Party/FreeRTOS/Source/portable/GCC/ARM_CM4F/port.c.obj
                0x080048a4                xPortSysTickHandler
 .text.vPortSetupTimerInterrupt
                0x080048d0       0x28 CMakeFiles/mateROV.elf.dir/Middlewares/Third_Party/FreeRTOS/Source/portable/GCC/ARM_CM4F/port.c.obj
                0x080048d0                vPortSetupTimerInterrupt
 .text.xPortStartScheduler
                0x080048f8      0x118 CMakeFiles/mateROV.elf.dir/Middlewares/Third_Party/FreeRTOS/Source/portable/GCC/ARM_CM4F/port.c.obj
                0x080048f8                xPortStartScheduler
 .text.vPortValidateInterruptPriority
                0x08004a10       0x5c CMakeFiles/mateROV.elf.dir/Middlewares/Third_Party/FreeRTOS/Source/portable/GCC/ARM_CM4F/port.c.obj
                0x08004a10                vPortValidateInterruptPriority
 .text.prvHeapInit
                0x08004a6c       0x64 CMakeFiles/mateROV.elf.dir/Middlewares/Third_Party/FreeRTOS/Source/portable/MemMang/heap_4.c.obj
 .text.prvInsertBlockIntoFreeList
                0x08004ad0       0x64 CMakeFiles/mateROV.elf.dir/Middlewares/Third_Party/FreeRTOS/Source/portable/MemMang/heap_4.c.obj
 .text.pvPortMalloc
                0x08004b34       0xfc CMakeFiles/mateROV.elf.dir/Middlewares/Third_Party/FreeRTOS/Source/portable/MemMang/heap_4.c.obj
                0x08004b34                pvPortMalloc
 .text.vPortFree
                0x08004c30       0x7c CMakeFiles/mateROV.elf.dir/Middlewares/Third_Party/FreeRTOS/Source/portable/MemMang/heap_4.c.obj
                0x08004c30                vPortFree
 .text.prvGetDisinheritPriorityAfterTimeout
                0x08004cac       0x10 CMakeFiles/mateROV.elf.dir/Middlewares/Third_Party/FreeRTOS/Source/queue.c.obj
 .text.prvIsQueueFull
                0x08004cbc       0x1e CMakeFiles/mateROV.elf.dir/Middlewares/Third_Party/FreeRTOS/Source/queue.c.obj
 .text.prvIsQueueEmpty
                0x08004cda       0x1a CMakeFiles/mateROV.elf.dir/Middlewares/Third_Party/FreeRTOS/Source/queue.c.obj
 .text.prvCopyDataToQueue
                0x08004cf4       0x76 CMakeFiles/mateROV.elf.dir/Middlewares/Third_Party/FreeRTOS/Source/queue.c.obj
 .text.prvCopyDataFromQueue
                0x08004d6a       0x24 CMakeFiles/mateROV.elf.dir/Middlewares/Third_Party/FreeRTOS/Source/queue.c.obj
 .text.prvUnlockQueue
                0x08004d8e       0x6e CMakeFiles/mateROV.elf.dir/Middlewares/Third_Party/FreeRTOS/Source/queue.c.obj
 .text.xQueueGenericReset
                0x08004dfc       0x84 CMakeFiles/mateROV.elf.dir/Middlewares/Third_Party/FreeRTOS/Source/queue.c.obj
                0x08004dfc                xQueueGenericReset
 .text.prvInitialiseNewQueue
                0x08004e80       0x22 CMakeFiles/mateROV.elf.dir/Middlewares/Third_Party/FreeRTOS/Source/queue.c.obj
 .text.xQueueGenericCreateStatic
                0x08004ea2       0x94 CMakeFiles/mateROV.elf.dir/Middlewares/Third_Party/FreeRTOS/Source/queue.c.obj
                0x08004ea2                xQueueGenericCreateStatic
 .text.xQueueGenericCreate
                0x08004f36       0x48 CMakeFiles/mateROV.elf.dir/Middlewares/Third_Party/FreeRTOS/Source/queue.c.obj
                0x08004f36                xQueueGenericCreate
 .text.xQueueCreateCountingSemaphoreStatic
                0x08004f7e       0x46 CMakeFiles/mateROV.elf.dir/Middlewares/Third_Party/FreeRTOS/Source/queue.c.obj
                0x08004f7e                xQueueCreateCountingSemaphoreStatic
 .text.xQueueCreateCountingSemaphore
                0x08004fc4       0x3c CMakeFiles/mateROV.elf.dir/Middlewares/Third_Party/FreeRTOS/Source/queue.c.obj
                0x08004fc4                xQueueCreateCountingSemaphore
 .text.xQueueGenericSend
                0x08005000      0x188 CMakeFiles/mateROV.elf.dir/Middlewares/Third_Party/FreeRTOS/Source/queue.c.obj
                0x08005000                xQueueGenericSend
 .text.xQueueGenericSendFromISR
                0x08005188       0xce CMakeFiles/mateROV.elf.dir/Middlewares/Third_Party/FreeRTOS/Source/queue.c.obj
                0x08005188                xQueueGenericSendFromISR
 .text.xQueueGiveFromISR
                0x08005256       0xb2 CMakeFiles/mateROV.elf.dir/Middlewares/Third_Party/FreeRTOS/Source/queue.c.obj
                0x08005256                xQueueGiveFromISR
 .text.xQueueReceive
                0x08005308      0x15e CMakeFiles/mateROV.elf.dir/Middlewares/Third_Party/FreeRTOS/Source/queue.c.obj
                0x08005308                xQueueReceive
 .text.xQueueSemaphoreTake
                0x08005466      0x1a6 CMakeFiles/mateROV.elf.dir/Middlewares/Third_Party/FreeRTOS/Source/queue.c.obj
                0x08005466                xQueueSemaphoreTake
 .text.xQueueReceiveFromISR
                0x0800560c       0xa8 CMakeFiles/mateROV.elf.dir/Middlewares/Third_Party/FreeRTOS/Source/queue.c.obj
                0x0800560c                xQueueReceiveFromISR
 .text.vQueueAddToRegistry
                0x080056b4       0x28 CMakeFiles/mateROV.elf.dir/Middlewares/Third_Party/FreeRTOS/Source/queue.c.obj
                0x080056b4                vQueueAddToRegistry
 .text.vQueueUnregisterQueue
                0x080056dc       0x2c CMakeFiles/mateROV.elf.dir/Middlewares/Third_Party/FreeRTOS/Source/queue.c.obj
                0x080056dc                vQueueUnregisterQueue
 .text.vQueueDelete
                0x08005708       0x2c CMakeFiles/mateROV.elf.dir/Middlewares/Third_Party/FreeRTOS/Source/queue.c.obj
                0x08005708                vQueueDelete
 .text.vQueueWaitForMessageRestricted
                0x08005734       0x52 CMakeFiles/mateROV.elf.dir/Middlewares/Third_Party/FreeRTOS/Source/queue.c.obj
                0x08005734                vQueueWaitForMessageRestricted
 *fill*         0x08005786        0x2 
 .text.prvResetNextTaskUnblockTime
                0x08005788       0x2c CMakeFiles/mateROV.elf.dir/Middlewares/Third_Party/FreeRTOS/Source/tasks.c.obj
 .text.prvInitialiseNewTask
                0x080057b4      0x106 CMakeFiles/mateROV.elf.dir/Middlewares/Third_Party/FreeRTOS/Source/tasks.c.obj
 *fill*         0x080058ba        0x2 
 .text.prvInitialiseTaskLists
                0x080058bc       0x68 CMakeFiles/mateROV.elf.dir/Middlewares/Third_Party/FreeRTOS/Source/tasks.c.obj
 .text.prvAddNewTaskToReadyList
                0x08005924       0xac CMakeFiles/mateROV.elf.dir/Middlewares/Third_Party/FreeRTOS/Source/tasks.c.obj
 .text.prvDeleteTCB
                0x080059d0       0x40 CMakeFiles/mateROV.elf.dir/Middlewares/Third_Party/FreeRTOS/Source/tasks.c.obj
 .text.prvCheckTasksWaitingTermination
                0x08005a10       0x4c CMakeFiles/mateROV.elf.dir/Middlewares/Third_Party/FreeRTOS/Source/tasks.c.obj
 .text.prvIdleTask
                0x08005a5c       0x28 CMakeFiles/mateROV.elf.dir/Middlewares/Third_Party/FreeRTOS/Source/tasks.c.obj
 .text.prvAddCurrentTaskToDelayedList
                0x08005a84       0x7c CMakeFiles/mateROV.elf.dir/Middlewares/Third_Party/FreeRTOS/Source/tasks.c.obj
 .text.xTaskCreateStatic
                0x08005b00       0x7a CMakeFiles/mateROV.elf.dir/Middlewares/Third_Party/FreeRTOS/Source/tasks.c.obj
                0x08005b00                xTaskCreateStatic
 .text.xTaskCreate
                0x08005b7a       0x6a CMakeFiles/mateROV.elf.dir/Middlewares/Third_Party/FreeRTOS/Source/tasks.c.obj
                0x08005b7a                xTaskCreate
 .text.vTaskStartScheduler
                0x08005be4       0xac CMakeFiles/mateROV.elf.dir/Middlewares/Third_Party/FreeRTOS/Source/tasks.c.obj
                0x08005be4                vTaskStartScheduler
 .text.vTaskSuspendAll
                0x08005c90       0x10 CMakeFiles/mateROV.elf.dir/Middlewares/Third_Party/FreeRTOS/Source/tasks.c.obj
                0x08005c90                vTaskSuspendAll
 .text.xTaskGetTickCount
                0x08005ca0        0xc CMakeFiles/mateROV.elf.dir/Middlewares/Third_Party/FreeRTOS/Source/tasks.c.obj
                0x08005ca0                xTaskGetTickCount
 .text.xTaskIncrementTick
                0x08005cac      0x118 CMakeFiles/mateROV.elf.dir/Middlewares/Third_Party/FreeRTOS/Source/tasks.c.obj
                0x08005cac                xTaskIncrementTick
 .text.xTaskResumeAll
                0x08005dc4       0xf8 CMakeFiles/mateROV.elf.dir/Middlewares/Third_Party/FreeRTOS/Source/tasks.c.obj
                0x08005dc4                xTaskResumeAll
 .text.vTaskDelay
                0x08005ebc       0x4c CMakeFiles/mateROV.elf.dir/Middlewares/Third_Party/FreeRTOS/Source/tasks.c.obj
                0x08005ebc                vTaskDelay
 .text.vTaskSwitchContext
                0x08005f08       0xa0 CMakeFiles/mateROV.elf.dir/Middlewares/Third_Party/FreeRTOS/Source/tasks.c.obj
                0x08005f08                vTaskSwitchContext
 .text.vTaskPlaceOnEventList
                0x08005fa8       0x30 CMakeFiles/mateROV.elf.dir/Middlewares/Third_Party/FreeRTOS/Source/tasks.c.obj
                0x08005fa8                vTaskPlaceOnEventList
 .text.vTaskPlaceOnEventListRestricted
                0x08005fd8       0x38 CMakeFiles/mateROV.elf.dir/Middlewares/Third_Party/FreeRTOS/Source/tasks.c.obj
                0x08005fd8                vTaskPlaceOnEventListRestricted
 .text.xTaskRemoveFromEventList
                0x08006010       0x8c CMakeFiles/mateROV.elf.dir/Middlewares/Third_Party/FreeRTOS/Source/tasks.c.obj
                0x08006010                xTaskRemoveFromEventList
 .text.vTaskInternalSetTimeOutState
                0x0800609c       0x18 CMakeFiles/mateROV.elf.dir/Middlewares/Third_Party/FreeRTOS/Source/tasks.c.obj
                0x0800609c                vTaskInternalSetTimeOutState
 .text.xTaskCheckForTimeOut
                0x080060b4       0x84 CMakeFiles/mateROV.elf.dir/Middlewares/Third_Party/FreeRTOS/Source/tasks.c.obj
                0x080060b4                xTaskCheckForTimeOut
 .text.vTaskMissedYield
                0x08006138        0xc CMakeFiles/mateROV.elf.dir/Middlewares/Third_Party/FreeRTOS/Source/tasks.c.obj
                0x08006138                vTaskMissedYield
 .text.xTaskGetSchedulerState
                0x08006144       0x20 CMakeFiles/mateROV.elf.dir/Middlewares/Third_Party/FreeRTOS/Source/tasks.c.obj
                0x08006144                xTaskGetSchedulerState
 .text.xTaskPriorityInherit
                0x08006164       0x98 CMakeFiles/mateROV.elf.dir/Middlewares/Third_Party/FreeRTOS/Source/tasks.c.obj
                0x08006164                xTaskPriorityInherit
 .text.xTaskPriorityDisinherit
                0x080061fc       0x90 CMakeFiles/mateROV.elf.dir/Middlewares/Third_Party/FreeRTOS/Source/tasks.c.obj
                0x080061fc                xTaskPriorityDisinherit
 .text.vTaskPriorityDisinheritAfterTimeout
                0x0800628c       0xa0 CMakeFiles/mateROV.elf.dir/Middlewares/Third_Party/FreeRTOS/Source/tasks.c.obj
                0x0800628c                vTaskPriorityDisinheritAfterTimeout
 .text.pvTaskIncrementMutexHeldCount
                0x0800632c       0x1c CMakeFiles/mateROV.elf.dir/Middlewares/Third_Party/FreeRTOS/Source/tasks.c.obj
                0x0800632c                pvTaskIncrementMutexHeldCount
 .text.prvGetNextExpireTime
                0x08006348       0x20 CMakeFiles/mateROV.elf.dir/Middlewares/Third_Party/FreeRTOS/Source/timers.c.obj
 .text.prvInsertTimerInActiveList
                0x08006368       0x48 CMakeFiles/mateROV.elf.dir/Middlewares/Third_Party/FreeRTOS/Source/timers.c.obj
 .text.prvCheckForValidListAndQueue
                0x080063b0       0x70 CMakeFiles/mateROV.elf.dir/Middlewares/Third_Party/FreeRTOS/Source/timers.c.obj
 .text.xTimerCreateTimerTask
                0x08006420       0x64 CMakeFiles/mateROV.elf.dir/Middlewares/Third_Party/FreeRTOS/Source/timers.c.obj
                0x08006420                xTimerCreateTimerTask
 .text.xTimerGenericCommand
                0x08006484       0x6c CMakeFiles/mateROV.elf.dir/Middlewares/Third_Party/FreeRTOS/Source/timers.c.obj
                0x08006484                xTimerGenericCommand
 .text.prvSwitchTimerLists
                0x080064f0       0x7c CMakeFiles/mateROV.elf.dir/Middlewares/Third_Party/FreeRTOS/Source/timers.c.obj
 .text.prvSampleTimeNow
                0x0800656c       0x2c CMakeFiles/mateROV.elf.dir/Middlewares/Third_Party/FreeRTOS/Source/timers.c.obj
 .text.prvProcessExpiredTimer
                0x08006598       0x6c CMakeFiles/mateROV.elf.dir/Middlewares/Third_Party/FreeRTOS/Source/timers.c.obj
 .text.prvProcessTimerOrBlockTask
                0x08006604       0x74 CMakeFiles/mateROV.elf.dir/Middlewares/Third_Party/FreeRTOS/Source/timers.c.obj
 .text.prvProcessReceivedCommands
                0x08006678      0x10c CMakeFiles/mateROV.elf.dir/Middlewares/Third_Party/FreeRTOS/Source/timers.c.obj
 .text.prvTimerTask
                0x08006784       0x16 CMakeFiles/mateROV.elf.dir/Middlewares/Third_Party/FreeRTOS/Source/timers.c.obj
 *fill*         0x0800679a        0x2 
 .text._ZN3ROV7RovInitEv
                0x0800679c       0xbc CMakeFiles/mateROV.elf.dir/User_Drivers/Driver_Control.cpp.obj
                0x0800679c                ROV::RovInit()
 .text.ServoLimit
                0x08006858       0x16 CMakeFiles/mateROV.elf.dir/User_Drivers/Driver_Control.cpp.obj
                0x08006858                ServoLimit
 *fill*         0x0800686e        0x2 
 .text._ZN3ROV11ArmServoSetEPN2RC10RCButton_tE
                0x08006870       0xb8 CMakeFiles/mateROV.elf.dir/User_Drivers/Driver_Control.cpp.obj
                0x08006870                ROV::ArmServoSet(RC::RCButton_t*)
 .text._ZN5HI22910Hi229StartEv
                0x08006928       0x20 CMakeFiles/mateROV.elf.dir/User_Drivers/Driver_HI229.cpp.obj
                0x08006928                HI229::Hi229Start()
 .text._ZN5HI22910Crc16CheckEPtPKhm
                0x08006948       0x46 CMakeFiles/mateROV.elf.dir/User_Drivers/Driver_HI229.cpp.obj
                0x08006948                HI229::Crc16Check(unsigned short*, unsigned char const*, unsigned long)
 .text._ZN5HI22912Hi229isLegalEPh
                0x0800698e       0x48 CMakeFiles/mateROV.elf.dir/User_Drivers/Driver_HI229.cpp.obj
                0x0800698e                HI229::Hi229isLegal(unsigned char*)
 *fill*         0x080069d6        0x2 
 .text._ZN5HI22911Hi229UpdateEPhPNS_11hi229Temp_tEPNS_11hi229Info_tE
                0x080069d8       0xa4 CMakeFiles/mateROV.elf.dir/User_Drivers/Driver_HI229.cpp.obj
                0x080069d8                HI229::Hi229Update(unsigned char*, HI229::hi229Temp_t*, HI229::hi229Info_t*)
 .text.LEDBlink
                0x08006a7c       0x18 CMakeFiles/mateROV.elf.dir/User_Drivers/Driver_LED_E.cpp.obj
                0x08006a7c                LEDBlink
 .text._ZN2RC7RCStartEv
                0x08006a94       0x20 CMakeFiles/mateROV.elf.dir/User_Drivers/Driver_RC.cpp.obj
                0x08006a94                RC::RCStart()
 .text._ZN2RC15RCCommandChangeEPNS_15RCTranslation_tE
                0x08006ab4       0x78 CMakeFiles/mateROV.elf.dir/User_Drivers/Driver_RC.cpp.obj
                0x08006ab4                RC::RCCommandChange(RC::RCTranslation_t*)
 .text._ZN2RC11RCButtonGetEv
                0x08006b2c       0x58 CMakeFiles/mateROV.elf.dir/User_Drivers/Driver_RC.cpp.obj
                0x08006b2c                RC::RCButtonGet()
 .text._ZN2RC9RCisLegalEPh
                0x08006b84       0x18 CMakeFiles/mateROV.elf.dir/User_Drivers/Driver_RC.cpp.obj
                0x08006b84                RC::RCisLegal(unsigned char*)
 .text._ZN2RC16GetRcCommandTempEi
                0x08006b9c        0x4 CMakeFiles/mateROV.elf.dir/User_Drivers/Driver_RC.cpp.obj
                0x08006b9c                RC::GetRcCommandTemp(int)
 .text._ZN2RC15RCCommandReciveEPNS_15RCTranslation_tE
                0x08006ba0       0xac CMakeFiles/mateROV.elf.dir/User_Drivers/Driver_RC.cpp.obj
                0x08006ba0                RC::RCCommandRecive(RC::RCTranslation_t*)
 .text.HI229TaskFun
                0x08006c4c       0x50 CMakeFiles/mateROV.elf.dir/User_Task/Task_HI229.cpp.obj
                0x08006c4c                HI229TaskFun
 .text.LEDTaskFun
                0x08006c9c       0x10 CMakeFiles/mateROV.elf.dir/User_Task/Task_LED.cpp.obj
                0x08006c9c                LEDTaskFun
 .text.RCTaskFun
                0x08006cac       0x4c CMakeFiles/mateROV.elf.dir/User_Task/Task_RC.cpp.obj
                0x08006cac                RCTaskFun
 .text.RovTaskFun
                0x08006cf8       0x2c CMakeFiles/mateROV.elf.dir/User_Task/Task_ROV.cpp.obj
                0x08006cf8                RovTaskFun
 .text.abort    0x08006d24       0x10 d:/envir/gcc-arm-none-eabi/bin/../lib/gcc/arm-none-eabi/10.3.1/../../../../arm-none-eabi/lib/thumb/v7e-m+fp/hard\libg.a(lib_a-abort.o)
                0x08006d24                abort
 .text.__errno  0x08006d34        0xc d:/envir/gcc-arm-none-eabi/bin/../lib/gcc/arm-none-eabi/10.3.1/../../../../arm-none-eabi/lib/thumb/v7e-m+fp/hard\libg.a(lib_a-errno.o)
                0x08006d34                __errno
 .text.__libc_init_array
                0x08006d40       0x48 d:/envir/gcc-arm-none-eabi/bin/../lib/gcc/arm-none-eabi/10.3.1/../../../../arm-none-eabi/lib/thumb/v7e-m+fp/hard\libg.a(lib_a-init.o)
                0x08006d40                __libc_init_array
 .text.memset   0x08006d88       0xa4 d:/envir/gcc-arm-none-eabi/bin/../lib/gcc/arm-none-eabi/10.3.1/../../../../arm-none-eabi/lib/thumb/v7e-m+fp/hard\libg.a(lib_a-memset.o)
                0x08006d88                memset
 .text.cleanup_glue
                0x08006e2c       0x48 d:/envir/gcc-arm-none-eabi/bin/../lib/gcc/arm-none-eabi/10.3.1/../../../../arm-none-eabi/lib/thumb/v7e-m+fp/hard\libg.a(lib_a-reent.o)
                0x08006e2c                cleanup_glue
 .text._reclaim_reent
                0x08006e74       0x90 d:/envir/gcc-arm-none-eabi/bin/../lib/gcc/arm-none-eabi/10.3.1/../../../../arm-none-eabi/lib/thumb/v7e-m+fp/hard\libg.a(lib_a-reent.o)
                0x08006e74                _reclaim_reent
 .text.raise    0x08006f04       0x5c d:/envir/gcc-arm-none-eabi/bin/../lib/gcc/arm-none-eabi/10.3.1/../../../../arm-none-eabi/lib/thumb/v7e-m+fp/hard\libg.a(lib_a-signal.o)
                0x08006f04                raise
 .text._kill_r  0x08006f60       0x2c d:/envir/gcc-arm-none-eabi/bin/../lib/gcc/arm-none-eabi/10.3.1/../../../../arm-none-eabi/lib/thumb/v7e-m+fp/hard\libg.a(lib_a-signalr.o)
                0x08006f60                _kill_r
 .text._getpid_r
                0x08006f8c        0x4 d:/envir/gcc-arm-none-eabi/bin/../lib/gcc/arm-none-eabi/10.3.1/../../../../arm-none-eabi/lib/thumb/v7e-m+fp/hard\libg.a(lib_a-signalr.o)
                0x08006f8c                _getpid_r
 .text.startup.register_fini
                0x08006f90       0x14 d:/envir/gcc-arm-none-eabi/bin/../lib/gcc/arm-none-eabi/10.3.1/../../../../arm-none-eabi/lib/thumb/v7e-m+fp/hard\libg.a(lib_a-__call_atexit.o)
 .text.atexit   0x08006fa4        0xc d:/envir/gcc-arm-none-eabi/bin/../lib/gcc/arm-none-eabi/10.3.1/../../../../arm-none-eabi/lib/thumb/v7e-m+fp/hard\libg.a(lib_a-atexit.o)
                0x08006fa4                atexit
 .text.__libc_fini_array
                0x08006fb0       0x2c d:/envir/gcc-arm-none-eabi/bin/../lib/gcc/arm-none-eabi/10.3.1/../../../../arm-none-eabi/lib/thumb/v7e-m+fp/hard\libg.a(lib_a-fini.o)
                0x08006fb0                __libc_fini_array
 .text._malloc_trim_r
                0x08006fdc       0xa0 d:/envir/gcc-arm-none-eabi/bin/../lib/gcc/arm-none-eabi/10.3.1/../../../../arm-none-eabi/lib/thumb/v7e-m+fp/hard\libg.a(lib_a-freer.o)
                0x08006fdc                _malloc_trim_r
 .text._free_r  0x0800707c      0x20c d:/envir/gcc-arm-none-eabi/bin/../lib/gcc/arm-none-eabi/10.3.1/../../../../arm-none-eabi/lib/thumb/v7e-m+fp/hard\libg.a(lib_a-freer.o)
                0x0800707c                _free_r
 .text.__retarget_lock_acquire_recursive
                0x08007288        0x4 d:/envir/gcc-arm-none-eabi/bin/../lib/gcc/arm-none-eabi/10.3.1/../../../../arm-none-eabi/lib/thumb/v7e-m+fp/hard\libg.a(lib_a-lock.o)
                0x08007288                __retarget_lock_acquire_recursive
 .text.__retarget_lock_release_recursive
                0x0800728c        0x4 d:/envir/gcc-arm-none-eabi/bin/../lib/gcc/arm-none-eabi/10.3.1/../../../../arm-none-eabi/lib/thumb/v7e-m+fp/hard\libg.a(lib_a-lock.o)
                0x0800728c                __retarget_lock_release_recursive
 .text.__malloc_lock
                0x08007290        0xc d:/envir/gcc-arm-none-eabi/bin/../lib/gcc/arm-none-eabi/10.3.1/../../../../arm-none-eabi/lib/thumb/v7e-m+fp/hard\libg.a(lib_a-mlock.o)
                0x08007290                __malloc_lock
 .text.__malloc_unlock
                0x0800729c        0xc d:/envir/gcc-arm-none-eabi/bin/../lib/gcc/arm-none-eabi/10.3.1/../../../../arm-none-eabi/lib/thumb/v7e-m+fp/hard\libg.a(lib_a-mlock.o)
                0x0800729c                __malloc_unlock
 .text._sbrk_r  0x080072a8       0x24 d:/envir/gcc-arm-none-eabi/bin/../lib/gcc/arm-none-eabi/10.3.1/../../../../arm-none-eabi/lib/thumb/v7e-m+fp/hard\libg.a(lib_a-sbrkr.o)
                0x080072a8                _sbrk_r
 .text.__register_exitproc
                0x080072cc       0x8c d:/envir/gcc-arm-none-eabi/bin/../lib/gcc/arm-none-eabi/10.3.1/../../../../arm-none-eabi/lib/thumb/v7e-m+fp/hard\libg.a(lib_a-__atexit.o)
                0x080072cc                __register_exitproc
 *(.glue_7)
 .glue_7        0x08007358        0x0 linker stubs
 *(.glue_7t)
 .glue_7t       0x08007358        0x0 linker stubs
 *(.eh_frame)
 .eh_frame      0x08007358        0x0 d:/envir/gcc-arm-none-eabi/bin/../lib/gcc/arm-none-eabi/10.3.1/thumb/v7e-m+fp/hard/crtbegin.o
 *(.init)
 .init          0x08007358        0x4 d:/envir/gcc-arm-none-eabi/bin/../lib/gcc/arm-none-eabi/10.3.1/thumb/v7e-m+fp/hard/crti.o
                0x08007358                _init
 .init          0x0800735c        0x8 d:/envir/gcc-arm-none-eabi/bin/../lib/gcc/arm-none-eabi/10.3.1/thumb/v7e-m+fp/hard/crtn.o
 *(.fini)
 .fini          0x08007364        0x4 d:/envir/gcc-arm-none-eabi/bin/../lib/gcc/arm-none-eabi/10.3.1/thumb/v7e-m+fp/hard/crti.o
                0x08007364                _fini
 .fini          0x08007368        0x8 d:/envir/gcc-arm-none-eabi/bin/../lib/gcc/arm-none-eabi/10.3.1/thumb/v7e-m+fp/hard/crtn.o
                0x08007370                . = ALIGN (0x4)
                0x08007370                _etext = .

.vfp11_veneer   0x08007370        0x0
 .vfp11_veneer  0x08007370        0x0 linker stubs

.v4_bx          0x08007370        0x0
 .v4_bx         0x08007370        0x0 linker stubs

.iplt           0x08007370        0x0
 .iplt          0x08007370        0x0 d:/envir/gcc-arm-none-eabi/bin/../lib/gcc/arm-none-eabi/10.3.1/thumb/v7e-m+fp/hard/crtbegin.o

.rodata         0x08007370      0x12c
                0x08007370                . = ALIGN (0x4)
 *(.rodata)
 *(.rodata*)
 .rodata.str1.4
                0x08007370       0x40 CMakeFiles/mateROV.elf.dir/Core/Src/freertos.c.obj
 .rodata.HI229BinarySem_attributes
                0x080073b0       0x10 CMakeFiles/mateROV.elf.dir/Core/Src/freertos.c.obj
                0x080073b0                HI229BinarySem_attributes
 .rodata.HI229Task_attributes
                0x080073c0       0x24 CMakeFiles/mateROV.elf.dir/Core/Src/freertos.c.obj
                0x080073c0                HI229Task_attributes
 .rodata.LEDTask_attributes
                0x080073e4       0x24 CMakeFiles/mateROV.elf.dir/Core/Src/freertos.c.obj
                0x080073e4                LEDTask_attributes
 .rodata.RCBinarySem_attributes
                0x08007408       0x10 CMakeFiles/mateROV.elf.dir/Core/Src/freertos.c.obj
                0x08007408                RCBinarySem_attributes
 .rodata.RCTask_attributes
                0x08007418       0x24 CMakeFiles/mateROV.elf.dir/Core/Src/freertos.c.obj
                0x08007418                RCTask_attributes
 .rodata.RovTask_attributes
                0x0800743c       0x24 CMakeFiles/mateROV.elf.dir/Core/Src/freertos.c.obj
                0x0800743c                RovTask_attributes
 .rodata.AHBPrescTable
                0x08007460       0x10 CMakeFiles/mateROV.elf.dir/Core/Src/system_stm32f4xx.c.obj
                0x08007460                AHBPrescTable
 .rodata.APBPrescTable
                0x08007470        0x8 CMakeFiles/mateROV.elf.dir/Core/Src/system_stm32f4xx.c.obj
                0x08007470                APBPrescTable
 .rodata.flagBitshiftOffset.0
                0x08007478        0x8 CMakeFiles/mateROV.elf.dir/Drivers/STM32F4xx_HAL_Driver/Src/stm32f4xx_hal_dma.c.obj
 .rodata.vTaskStartScheduler.str1.4
                0x08007480        0x5 CMakeFiles/mateROV.elf.dir/Middlewares/Third_Party/FreeRTOS/Source/tasks.c.obj
 *fill*         0x08007485        0x3 
 .rodata.prvCheckForValidListAndQueue.str1.4
                0x08007488        0x5 CMakeFiles/mateROV.elf.dir/Middlewares/Third_Party/FreeRTOS/Source/timers.c.obj
 *fill*         0x0800748d        0x3 
 .rodata.xTimerCreateTimerTask.str1.4
                0x08007490        0x8 CMakeFiles/mateROV.elf.dir/Middlewares/Third_Party/FreeRTOS/Source/timers.c.obj
 .rodata._global_impure_ptr
                0x08007498        0x4 d:/envir/gcc-arm-none-eabi/bin/../lib/gcc/arm-none-eabi/10.3.1/../../../../arm-none-eabi/lib/thumb/v7e-m+fp/hard\libg.a(lib_a-impure.o)
                0x08007498                _global_impure_ptr
                0x0800749c                . = ALIGN (0x4)

.ARM.extab      0x0800749c       0x54
                0x0800749c                . = ALIGN (0x4)
 *(.ARM.extab* .gnu.linkonce.armextab.*)
 .ARM.extab.text.HAL_UARTEx_RxEventCallback
                0x0800749c        0xc CMakeFiles/mateROV.elf.dir/Bsp/Bsp_Usart.cpp.obj
 .ARM.extab.text.HI229TaskFun
                0x080074a8        0xc CMakeFiles/mateROV.elf.dir/User_Task/Task_HI229.cpp.obj
 .ARM.extab.text.LEDTaskFun
                0x080074b4        0xc CMakeFiles/mateROV.elf.dir/User_Task/Task_LED.cpp.obj
 .ARM.extab.text.RCTaskFun
                0x080074c0        0xc CMakeFiles/mateROV.elf.dir/User_Task/Task_RC.cpp.obj
 .ARM.extab.text.RovTaskFun
                0x080074cc        0xc CMakeFiles/mateROV.elf.dir/User_Task/Task_ROV.cpp.obj
 .ARM.extab     0x080074d8       0x18 d:/envir/gcc-arm-none-eabi/bin/../lib/gcc/arm-none-eabi/10.3.1/thumb/v7e-m+fp/hard\libgcc.a(pr-support.o)
                0x080074f0                . = ALIGN (0x4)

.ARM            0x080074f0      0x128
                0x080074f0                . = ALIGN (0x4)
                0x080074f0                __exidx_start = .
 *(.ARM.exidx*)
 .ARM.exidx.text.BspTimPwmInit
                0x080075a8        0x8 CMakeFiles/mateROV.elf.dir/Bsp/Bsp_Tim.cpp.obj
 .ARM.exidx.text.HAL_UARTEx_RxEventCallback
                0x080075b0       0x10 CMakeFiles/mateROV.elf.dir/Bsp/Bsp_Usart.cpp.obj
                                  0x8 (size before relaxing)
 .ARM.exidx.text.Ascii_ChangeFuc_Init
                0x080075c0        0x0 CMakeFiles/mateROV.elf.dir/Math_Lib/Mate_Math.cpp.obj
                                  0x8 (size before relaxing)
 .ARM.exidx.text.pid_init
                0x080075c0        0x0 CMakeFiles/mateROV.elf.dir/Math_Lib/PID.cpp.obj
                                  0x8 (size before relaxing)
 .ARM.exidx.text._ZN3ROV7RovInitEv
                0x080075c0        0x8 CMakeFiles/mateROV.elf.dir/User_Drivers/Driver_Control.cpp.obj
 .ARM.exidx.text.ServoLimit
                0x080075c8        0x8 CMakeFiles/mateROV.elf.dir/User_Drivers/Driver_Control.cpp.obj
 .ARM.exidx.text._ZN3ROV11ArmServoSetEPN2RC10RCButton_tE
                0x080075d0        0x0 CMakeFiles/mateROV.elf.dir/User_Drivers/Driver_Control.cpp.obj
                                  0x8 (size before relaxing)
 .ARM.exidx.text._ZN5HI22910Hi229StartEv
                0x080075d0        0x8 CMakeFiles/mateROV.elf.dir/User_Drivers/Driver_HI229.cpp.obj
 .ARM.exidx.text._ZN5HI22910Crc16CheckEPtPKhm
                0x080075d8        0x8 CMakeFiles/mateROV.elf.dir/User_Drivers/Driver_HI229.cpp.obj
 .ARM.exidx.text._ZN5HI22912Hi229isLegalEPh
                0x080075e0        0x0 CMakeFiles/mateROV.elf.dir/User_Drivers/Driver_HI229.cpp.obj
                                  0x8 (size before relaxing)
 .ARM.exidx.text._ZN5HI22911Hi229UpdateEPhPNS_11hi229Temp_tEPNS_11hi229Info_tE
                0x080075e0        0x0 CMakeFiles/mateROV.elf.dir/User_Drivers/Driver_HI229.cpp.obj
                                  0x8 (size before relaxing)
 .ARM.exidx.text.LEDBlink
                0x080075e0        0x8 CMakeFiles/mateROV.elf.dir/User_Drivers/Driver_LED_E.cpp.obj
 .ARM.exidx.text._ZN2RC7RCStartEv
                0x080075e8        0x0 CMakeFiles/mateROV.elf.dir/User_Drivers/Driver_RC.cpp.obj
                                  0x8 (size before relaxing)
 .ARM.exidx.text._ZN2RC15RCCommandChangeEPNS_15RCTranslation_tE
                0x080075e8        0x8 CMakeFiles/mateROV.elf.dir/User_Drivers/Driver_RC.cpp.obj
 .ARM.exidx.text._ZN2RC11RCButtonGetEv
                0x080075f0        0x0 CMakeFiles/mateROV.elf.dir/User_Drivers/Driver_RC.cpp.obj
                                  0x8 (size before relaxing)
 .ARM.exidx.text._ZN2RC9RCisLegalEPh
                0x080075f0        0x0 CMakeFiles/mateROV.elf.dir/User_Drivers/Driver_RC.cpp.obj
                                  0x8 (size before relaxing)
 .ARM.exidx.text._ZN2RC16GetRcCommandTempEi
                0x080075f0        0x0 CMakeFiles/mateROV.elf.dir/User_Drivers/Driver_RC.cpp.obj
                                  0x8 (size before relaxing)
 .ARM.exidx.text._ZN2RC15RCCommandReciveEPNS_15RCTranslation_tE
                0x080075f0        0x0 CMakeFiles/mateROV.elf.dir/User_Drivers/Driver_RC.cpp.obj
                                  0x8 (size before relaxing)
 .ARM.exidx.text.HI229TaskFun
                0x080075f0        0x8 CMakeFiles/mateROV.elf.dir/User_Task/Task_HI229.cpp.obj
 .ARM.exidx.text.LEDTaskFun
                0x080075f8        0x8 CMakeFiles/mateROV.elf.dir/User_Task/Task_LED.cpp.obj
 .ARM.exidx.text.RCTaskFun
                0x08007600        0x8 CMakeFiles/mateROV.elf.dir/User_Task/Task_RC.cpp.obj
 .ARM.exidx.text.RovTaskFun
                0x08007608       0x10 CMakeFiles/mateROV.elf.dir/User_Task/Task_ROV.cpp.obj
                                  0x8 (size before relaxing)
 .ARM.exidx     0x080074f0        0x8 d:/envir/gcc-arm-none-eabi/bin/../lib/gcc/arm-none-eabi/10.3.1/thumb/v7e-m+fp/hard\libgcc.a(_udivmoddi4.o)
 .ARM.exidx     0x080074f8       0x78 d:/envir/gcc-arm-none-eabi/bin/../lib/gcc/arm-none-eabi/10.3.1/thumb/v7e-m+fp/hard\libgcc.a(unwind-arm.o)
                                 0xd8 (size before relaxing)
 .ARM.exidx     0x08007570       0x38 d:/envir/gcc-arm-none-eabi/bin/../lib/gcc/arm-none-eabi/10.3.1/thumb/v7e-m+fp/hard\libgcc.a(pr-support.o)
                0x08007618                __exidx_end = .
                0x08007618                . = ALIGN (0x4)

.rel.dyn        0x08007618        0x0
 .rel.iplt      0x08007618        0x0 d:/envir/gcc-arm-none-eabi/bin/../lib/gcc/arm-none-eabi/10.3.1/thumb/v7e-m+fp/hard/crtbegin.o

.preinit_array  0x08007618        0x0
                0x08007618                . = ALIGN (0x4)
                0x08007618                PROVIDE (__preinit_array_start = .)
 *(.preinit_array*)
                0x08007618                PROVIDE (__preinit_array_end = .)
                0x08007618                . = ALIGN (0x4)

.init_array     0x08007618        0x8
                0x08007618                . = ALIGN (0x4)
                0x08007618                PROVIDE (__init_array_start = .)
 *(SORT_BY_NAME(.init_array.*))
 .init_array.00000
                0x08007618        0x4 d:/envir/gcc-arm-none-eabi/bin/../lib/gcc/arm-none-eabi/10.3.1/../../../../arm-none-eabi/lib/thumb/v7e-m+fp/hard\libg.a(lib_a-__call_atexit.o)
 *(.init_array*)
 .init_array    0x0800761c        0x4 d:/envir/gcc-arm-none-eabi/bin/../lib/gcc/arm-none-eabi/10.3.1/thumb/v7e-m+fp/hard/crtbegin.o
                0x08007620                PROVIDE (__init_array_end = .)
                0x08007620                . = ALIGN (0x4)

.fini_array     0x08007620        0x4
                0x08007620                . = ALIGN (0x4)
                0x08007620                PROVIDE (__fini_array_start = .)
 *(SORT_BY_NAME(.fini_array.*))
 *(.fini_array*)
 .fini_array    0x08007620        0x4 d:/envir/gcc-arm-none-eabi/bin/../lib/gcc/arm-none-eabi/10.3.1/thumb/v7e-m+fp/hard/crtbegin.o
                0x08007624                PROVIDE (__fini_array_end = .)
                0x08007624                . = ALIGN (0x4)
                0x08007624                _sidata = LOADADDR (.data)

.data           0x20000000      0x854 load address 0x08007624
                0x20000000                . = ALIGN (0x4)
                0x20000000                _sdata = .
 *(.data)
 *(.data*)
 .data.SystemCoreClock
                0x20000000        0x4 CMakeFiles/mateROV.elf.dir/Core/Src/system_stm32f4xx.c.obj
                0x20000000                SystemCoreClock
 .data.uwTickFreq
                0x20000004        0x1 CMakeFiles/mateROV.elf.dir/Drivers/STM32F4xx_HAL_Driver/Src/stm32f4xx_hal.c.obj
                0x20000004                uwTickFreq
 *fill*         0x20000005        0x3 
 .data.uwTickPrio
                0x20000008        0x4 CMakeFiles/mateROV.elf.dir/Drivers/STM32F4xx_HAL_Driver/Src/stm32f4xx_hal.c.obj
                0x20000008                uwTickPrio
 .data.uxCriticalNesting
                0x2000000c        0x4 CMakeFiles/mateROV.elf.dir/Middlewares/Third_Party/FreeRTOS/Source/portable/GCC/ARM_CM4F/port.c.obj
 .data._impure_ptr
                0x20000010        0x4 d:/envir/gcc-arm-none-eabi/bin/../lib/gcc/arm-none-eabi/10.3.1/../../../../arm-none-eabi/lib/thumb/v7e-m+fp/hard\libg.a(lib_a-impure.o)
                0x20000010                _impure_ptr
 *fill*         0x20000014        0x4 
 .data.impure_data
                0x20000018      0x428 d:/envir/gcc-arm-none-eabi/bin/../lib/gcc/arm-none-eabi/10.3.1/../../../../arm-none-eabi/lib/thumb/v7e-m+fp/hard\libg.a(lib_a-impure.o)
 .data.__atexit_recursive_mutex
                0x20000440        0x4 d:/envir/gcc-arm-none-eabi/bin/../lib/gcc/arm-none-eabi/10.3.1/../../../../arm-none-eabi/lib/thumb/v7e-m+fp/hard\libg.a(lib_a-__call_atexit.o)
                0x20000440                __atexit_recursive_mutex
 .data.__malloc_av_
                0x20000444      0x408 d:/envir/gcc-arm-none-eabi/bin/../lib/gcc/arm-none-eabi/10.3.1/../../../../arm-none-eabi/lib/thumb/v7e-m+fp/hard\libg.a(lib_a-mallocr.o)
                0x20000444                __malloc_av_
 .data.__malloc_sbrk_base
                0x2000084c        0x4 d:/envir/gcc-arm-none-eabi/bin/../lib/gcc/arm-none-eabi/10.3.1/../../../../arm-none-eabi/lib/thumb/v7e-m+fp/hard\libg.a(lib_a-mallocr.o)
                0x2000084c                __malloc_sbrk_base
 .data.__malloc_trim_threshold
                0x20000850        0x4 d:/envir/gcc-arm-none-eabi/bin/../lib/gcc/arm-none-eabi/10.3.1/../../../../arm-none-eabi/lib/thumb/v7e-m+fp/hard\libg.a(lib_a-mallocr.o)
                0x20000850                __malloc_trim_threshold
 *(.RamFunc)
 *(.RamFunc*)
                0x20000854                . = ALIGN (0x4)
                0x20000854                _edata = .
                0x08007e78                _siccmram = LOADADDR (.ccmram)

.igot.plt       0x20000854        0x0 load address 0x08007e78
 .igot.plt      0x20000854        0x0 d:/envir/gcc-arm-none-eabi/bin/../lib/gcc/arm-none-eabi/10.3.1/thumb/v7e-m+fp/hard/crtbegin.o

.ccmram         0x10000000        0x0 load address 0x08007e78
                0x10000000                . = ALIGN (0x4)
                0x10000000                _sccmram = .
 *(.ccmram)
 *(.ccmram*)
                0x10000000                . = ALIGN (0x4)
                0x10000000                _eccmram = .
                0x10000000                . = ALIGN (0x4)

.bss            0x20000858     0x5820
                0x20000858                _sbss = .
                0x20000858                __bss_start__ = _sbss
 *(.bss)
 .bss           0x20000858       0x1c d:/envir/gcc-arm-none-eabi/bin/../lib/gcc/arm-none-eabi/10.3.1/thumb/v7e-m+fp/hard/crtbegin.o
 *(.bss*)
 .bss.HI229BinarySemHandle
                0x20000874        0x4 CMakeFiles/mateROV.elf.dir/Core/Src/freertos.c.obj
                0x20000874                HI229BinarySemHandle
 .bss.HI229TaskHandle
                0x20000878        0x4 CMakeFiles/mateROV.elf.dir/Core/Src/freertos.c.obj
                0x20000878                HI229TaskHandle
 .bss.LEDTaskHandle
                0x2000087c        0x4 CMakeFiles/mateROV.elf.dir/Core/Src/freertos.c.obj
                0x2000087c                LEDTaskHandle
 .bss.RCBinarySemHandle
                0x20000880        0x4 CMakeFiles/mateROV.elf.dir/Core/Src/freertos.c.obj
                0x20000880                RCBinarySemHandle
 .bss.RCTaskHandle
                0x20000884        0x4 CMakeFiles/mateROV.elf.dir/Core/Src/freertos.c.obj
                0x20000884                RCTaskHandle
 .bss.RovTaskHandle
                0x20000888        0x4 CMakeFiles/mateROV.elf.dir/Core/Src/freertos.c.obj
                0x20000888                RovTaskHandle
 .bss.htim7     0x2000088c       0x48 CMakeFiles/mateROV.elf.dir/Core/Src/stm32f4xx_hal_timebase_tim.c.obj
                0x2000088c                htim7
 .bss.__sbrk_heap_end
                0x200008d4        0x4 CMakeFiles/mateROV.elf.dir/Core/Src/sysmem.c.obj
 .bss.htim1     0x200008d8       0x48 CMakeFiles/mateROV.elf.dir/Core/Src/tim.c.obj
                0x200008d8                htim1
 .bss.htim12    0x20000920       0x48 CMakeFiles/mateROV.elf.dir/Core/Src/tim.c.obj
                0x20000920                htim12
 .bss.htim2     0x20000968       0x48 CMakeFiles/mateROV.elf.dir/Core/Src/tim.c.obj
                0x20000968                htim2
 .bss.htim3     0x200009b0       0x48 CMakeFiles/mateROV.elf.dir/Core/Src/tim.c.obj
                0x200009b0                htim3
 .bss.htim4     0x200009f8       0x48 CMakeFiles/mateROV.elf.dir/Core/Src/tim.c.obj
                0x200009f8                htim4
 .bss.hdma_usart1_rx
                0x20000a40       0x60 CMakeFiles/mateROV.elf.dir/Core/Src/usart.c.obj
                0x20000a40                hdma_usart1_rx
 .bss.hdma_usart6_rx
                0x20000aa0       0x60 CMakeFiles/mateROV.elf.dir/Core/Src/usart.c.obj
                0x20000aa0                hdma_usart6_rx
 .bss.huart1    0x20000b00       0x48 CMakeFiles/mateROV.elf.dir/Core/Src/usart.c.obj
                0x20000b00                huart1
 .bss.huart6    0x20000b48       0x48 CMakeFiles/mateROV.elf.dir/Core/Src/usart.c.obj
                0x20000b48                huart6
 .bss.uwTick    0x20000b90        0x4 CMakeFiles/mateROV.elf.dir/Drivers/STM32F4xx_HAL_Driver/Src/stm32f4xx_hal.c.obj
                0x20000b90                uwTick
 .bss.ascii_dictionary
                0x20000b94       0x80 CMakeFiles/mateROV.elf.dir/Math_Lib/Mate_Math.cpp.obj
                0x20000b94                ascii_dictionary
 .bss.Idle_Stack.2
                0x20000c14      0x200 CMakeFiles/mateROV.elf.dir/Middlewares/Third_Party/FreeRTOS/Source/CMSIS_RTOS_V2/cmsis_os2.c.obj
 *fill*         0x20000e14        0x4 
 .bss.Idle_TCB.3
                0x20000e18      0x488 CMakeFiles/mateROV.elf.dir/Middlewares/Third_Party/FreeRTOS/Source/CMSIS_RTOS_V2/cmsis_os2.c.obj
 .bss.KernelState
                0x200012a0        0x4 CMakeFiles/mateROV.elf.dir/Middlewares/Third_Party/FreeRTOS/Source/CMSIS_RTOS_V2/cmsis_os2.c.obj
 .bss.Timer_Stack.0
                0x200012a4      0x400 CMakeFiles/mateROV.elf.dir/Middlewares/Third_Party/FreeRTOS/Source/CMSIS_RTOS_V2/cmsis_os2.c.obj
 *fill*         0x200016a4        0x4 
 .bss.Timer_TCB.1
                0x200016a8      0x488 CMakeFiles/mateROV.elf.dir/Middlewares/Third_Party/FreeRTOS/Source/CMSIS_RTOS_V2/cmsis_os2.c.obj
 .bss.ucMaxSysCallPriority
                0x20001b30        0x1 CMakeFiles/mateROV.elf.dir/Middlewares/Third_Party/FreeRTOS/Source/portable/GCC/ARM_CM4F/port.c.obj
 *fill*         0x20001b31        0x3 
 .bss.ulMaxPRIGROUPValue
                0x20001b34        0x4 CMakeFiles/mateROV.elf.dir/Middlewares/Third_Party/FreeRTOS/Source/portable/GCC/ARM_CM4F/port.c.obj
 .bss.pxEnd     0x20001b38        0x4 CMakeFiles/mateROV.elf.dir/Middlewares/Third_Party/FreeRTOS/Source/portable/MemMang/heap_4.c.obj
 .bss.ucHeap    0x20001b3c     0x3c00 CMakeFiles/mateROV.elf.dir/Middlewares/Third_Party/FreeRTOS/Source/portable/MemMang/heap_4.c.obj
 .bss.xBlockAllocatedBit
                0x2000573c        0x4 CMakeFiles/mateROV.elf.dir/Middlewares/Third_Party/FreeRTOS/Source/portable/MemMang/heap_4.c.obj
 .bss.xFreeBytesRemaining
                0x20005740        0x4 CMakeFiles/mateROV.elf.dir/Middlewares/Third_Party/FreeRTOS/Source/portable/MemMang/heap_4.c.obj
 .bss.xMinimumEverFreeBytesRemaining
                0x20005744        0x4 CMakeFiles/mateROV.elf.dir/Middlewares/Third_Party/FreeRTOS/Source/portable/MemMang/heap_4.c.obj
 .bss.xNumberOfSuccessfulAllocations
                0x20005748        0x4 CMakeFiles/mateROV.elf.dir/Middlewares/Third_Party/FreeRTOS/Source/portable/MemMang/heap_4.c.obj
 .bss.xNumberOfSuccessfulFrees
                0x2000574c        0x4 CMakeFiles/mateROV.elf.dir/Middlewares/Third_Party/FreeRTOS/Source/portable/MemMang/heap_4.c.obj
 .bss.xStart    0x20005750        0x8 CMakeFiles/mateROV.elf.dir/Middlewares/Third_Party/FreeRTOS/Source/portable/MemMang/heap_4.c.obj
 .bss.xQueueRegistry
                0x20005758       0x40 CMakeFiles/mateROV.elf.dir/Middlewares/Third_Party/FreeRTOS/Source/queue.c.obj
                0x20005758                xQueueRegistry
 .bss.pxCurrentTCB
                0x20005798        0x4 CMakeFiles/mateROV.elf.dir/Middlewares/Third_Party/FreeRTOS/Source/tasks.c.obj
                0x20005798                pxCurrentTCB
 .bss.pxDelayedTaskList
                0x2000579c        0x4 CMakeFiles/mateROV.elf.dir/Middlewares/Third_Party/FreeRTOS/Source/tasks.c.obj
 .bss.pxOverflowDelayedTaskList
                0x200057a0        0x4 CMakeFiles/mateROV.elf.dir/Middlewares/Third_Party/FreeRTOS/Source/tasks.c.obj
 .bss.pxReadyTasksLists
                0x200057a4      0x460 CMakeFiles/mateROV.elf.dir/Middlewares/Third_Party/FreeRTOS/Source/tasks.c.obj
 .bss.uxCurrentNumberOfTasks
                0x20005c04        0x4 CMakeFiles/mateROV.elf.dir/Middlewares/Third_Party/FreeRTOS/Source/tasks.c.obj
 .bss.uxDeletedTasksWaitingCleanUp
                0x20005c08        0x4 CMakeFiles/mateROV.elf.dir/Middlewares/Third_Party/FreeRTOS/Source/tasks.c.obj
 .bss.uxSchedulerSuspended
                0x20005c0c        0x4 CMakeFiles/mateROV.elf.dir/Middlewares/Third_Party/FreeRTOS/Source/tasks.c.obj
 .bss.uxTaskNumber
                0x20005c10        0x4 CMakeFiles/mateROV.elf.dir/Middlewares/Third_Party/FreeRTOS/Source/tasks.c.obj
 .bss.uxTopReadyPriority
                0x20005c14        0x4 CMakeFiles/mateROV.elf.dir/Middlewares/Third_Party/FreeRTOS/Source/tasks.c.obj
 .bss.xDelayedTaskList1
                0x20005c18       0x14 CMakeFiles/mateROV.elf.dir/Middlewares/Third_Party/FreeRTOS/Source/tasks.c.obj
 .bss.xDelayedTaskList2
                0x20005c2c       0x14 CMakeFiles/mateROV.elf.dir/Middlewares/Third_Party/FreeRTOS/Source/tasks.c.obj
 .bss.xIdleTaskHandle
                0x20005c40        0x4 CMakeFiles/mateROV.elf.dir/Middlewares/Third_Party/FreeRTOS/Source/tasks.c.obj
 .bss.xNextTaskUnblockTime
                0x20005c44        0x4 CMakeFiles/mateROV.elf.dir/Middlewares/Third_Party/FreeRTOS/Source/tasks.c.obj
 .bss.xNumOfOverflows
                0x20005c48        0x4 CMakeFiles/mateROV.elf.dir/Middlewares/Third_Party/FreeRTOS/Source/tasks.c.obj
 .bss.xPendedTicks
                0x20005c4c        0x4 CMakeFiles/mateROV.elf.dir/Middlewares/Third_Party/FreeRTOS/Source/tasks.c.obj
 .bss.xPendingReadyList
                0x20005c50       0x14 CMakeFiles/mateROV.elf.dir/Middlewares/Third_Party/FreeRTOS/Source/tasks.c.obj
 .bss.xSchedulerRunning
                0x20005c64        0x4 CMakeFiles/mateROV.elf.dir/Middlewares/Third_Party/FreeRTOS/Source/tasks.c.obj
 .bss.xSuspendedTaskList
                0x20005c68       0x14 CMakeFiles/mateROV.elf.dir/Middlewares/Third_Party/FreeRTOS/Source/tasks.c.obj
 .bss.xTasksWaitingTermination
                0x20005c7c       0x14 CMakeFiles/mateROV.elf.dir/Middlewares/Third_Party/FreeRTOS/Source/tasks.c.obj
 .bss.xTickCount
                0x20005c90        0x4 CMakeFiles/mateROV.elf.dir/Middlewares/Third_Party/FreeRTOS/Source/tasks.c.obj
 .bss.xYieldPending
                0x20005c94        0x4 CMakeFiles/mateROV.elf.dir/Middlewares/Third_Party/FreeRTOS/Source/tasks.c.obj
 .bss.pxCurrentTimerList
                0x20005c98        0x4 CMakeFiles/mateROV.elf.dir/Middlewares/Third_Party/FreeRTOS/Source/timers.c.obj
 .bss.pxOverflowTimerList
                0x20005c9c        0x4 CMakeFiles/mateROV.elf.dir/Middlewares/Third_Party/FreeRTOS/Source/timers.c.obj
 .bss.ucStaticTimerQueueStorage.1
                0x20005ca0       0xa0 CMakeFiles/mateROV.elf.dir/Middlewares/Third_Party/FreeRTOS/Source/timers.c.obj
 .bss.xActiveTimerList1
                0x20005d40       0x14 CMakeFiles/mateROV.elf.dir/Middlewares/Third_Party/FreeRTOS/Source/timers.c.obj
 .bss.xActiveTimerList2
                0x20005d54       0x14 CMakeFiles/mateROV.elf.dir/Middlewares/Third_Party/FreeRTOS/Source/timers.c.obj
 .bss.xLastTime.2
                0x20005d68        0x4 CMakeFiles/mateROV.elf.dir/Middlewares/Third_Party/FreeRTOS/Source/timers.c.obj
 .bss.xStaticTimerQueue.0
                0x20005d6c       0x50 CMakeFiles/mateROV.elf.dir/Middlewares/Third_Party/FreeRTOS/Source/timers.c.obj
 .bss.xTimerQueue
                0x20005dbc        0x4 CMakeFiles/mateROV.elf.dir/Middlewares/Third_Party/FreeRTOS/Source/timers.c.obj
 .bss.xTimerTaskHandle
                0x20005dc0        0x4 CMakeFiles/mateROV.elf.dir/Middlewares/Third_Party/FreeRTOS/Source/timers.c.obj
 .bss._ZZN3ROV11ArmServoSetEPN2RC10RCButton_tEE8rollTemp
                0x20005dc4        0x2 CMakeFiles/mateROV.elf.dir/User_Drivers/Driver_Control.cpp.obj
 .bss._ZZN3ROV11ArmServoSetEPN2RC10RCButton_tEE9pitchTemp
                0x20005dc6        0x2 CMakeFiles/mateROV.elf.dir/User_Drivers/Driver_Control.cpp.obj
 .bss.pitch1    0x20005dc8        0x2 CMakeFiles/mateROV.elf.dir/User_Drivers/Driver_Control.cpp.obj
                0x20005dc8                pitch1
 .bss.pitch2    0x20005dca        0x2 CMakeFiles/mateROV.elf.dir/User_Drivers/Driver_Control.cpp.obj
                0x20005dca                pitch2
 .bss.roll      0x20005dcc        0x2 CMakeFiles/mateROV.elf.dir/User_Drivers/Driver_Control.cpp.obj
                0x20005dcc                roll
 *fill*         0x20005dce        0x2 
 .bss.myHI229   0x20005dd0       0x62 CMakeFiles/mateROV.elf.dir/User_Task/Task_HI229.cpp.obj
                0x20005dd0                myHI229
 *fill*         0x20005e32        0x2 
 .bss.MyRC      0x20005e34       0x32 CMakeFiles/mateROV.elf.dir/User_Task/Task_RC.cpp.obj
                0x20005e34                MyRC
 *fill*         0x20005e66        0x2 
 .bss.myRov     0x20005e68      0x1d8 CMakeFiles/mateROV.elf.dir/User_Task/Task_ROV.cpp.obj
                0x20005e68                myRov
 .bss.errno     0x20006040        0x4 d:/envir/gcc-arm-none-eabi/bin/../lib/gcc/arm-none-eabi/10.3.1/../../../../arm-none-eabi/lib/thumb/v7e-m+fp/hard\libg.a(lib_a-reent.o)
                0x20006040                errno
 .bss.__lock___atexit_recursive_mutex
                0x20006044        0x1 d:/envir/gcc-arm-none-eabi/bin/../lib/gcc/arm-none-eabi/10.3.1/../../../../arm-none-eabi/lib/thumb/v7e-m+fp/hard\libg.a(lib_a-lock.o)
                0x20006044                __lock___atexit_recursive_mutex
 *fill*         0x20006045        0x3 
 .bss.__lock___malloc_recursive_mutex
                0x20006048        0x1 d:/envir/gcc-arm-none-eabi/bin/../lib/gcc/arm-none-eabi/10.3.1/../../../../arm-none-eabi/lib/thumb/v7e-m+fp/hard\libg.a(lib_a-lock.o)
                0x20006048                __lock___malloc_recursive_mutex
 *fill*         0x20006049        0x3 
 .bss.__malloc_current_mallinfo
                0x2000604c       0x28 d:/envir/gcc-arm-none-eabi/bin/../lib/gcc/arm-none-eabi/10.3.1/../../../../arm-none-eabi/lib/thumb/v7e-m+fp/hard\libg.a(lib_a-mallocr.o)
                0x2000604c                __malloc_current_mallinfo
 .bss.__malloc_top_pad
                0x20006074        0x4 d:/envir/gcc-arm-none-eabi/bin/../lib/gcc/arm-none-eabi/10.3.1/../../../../arm-none-eabi/lib/thumb/v7e-m+fp/hard\libg.a(lib_a-mallocr.o)
                0x20006074                __malloc_top_pad
 *(COMMON)
                0x20006078                . = ALIGN (0x4)
                0x20006078                _ebss = .
                0x20006078                __bss_end__ = _ebss

._user_heap_stack
                0x20006078      0x600
                0x20006078                . = ALIGN (0x8)
                [!provide]                PROVIDE (end = .)
                0x20006078                PROVIDE (_end = .)
                0x20006278                . = (. + _Min_Heap_Size)
 *fill*         0x20006078      0x200 
                0x20006678                . = (. + _Min_Stack_Size)
 *fill*         0x20006278      0x400 
                0x20006678                . = ALIGN (0x8)

/DISCARD/
 libc.a(*)
 libm.a(*)
 libgcc.a(*)

.ARM.attributes
                0x00000000       0x30
 *(.ARM.attributes)
 .ARM.attributes
                0x00000000       0x1e d:/envir/gcc-arm-none-eabi/bin/../lib/gcc/arm-none-eabi/10.3.1/thumb/v7e-m+fp/hard/crti.o
 .ARM.attributes
                0x0000001e       0x34 d:/envir/gcc-arm-none-eabi/bin/../lib/gcc/arm-none-eabi/10.3.1/thumb/v7e-m+fp/hard/crtbegin.o
 .ARM.attributes
                0x00000052       0x34 CMakeFiles/mateROV.elf.dir/Bsp/Bsp_Tim.cpp.obj
 .ARM.attributes
                0x00000086       0x34 CMakeFiles/mateROV.elf.dir/Bsp/Bsp_Usart.cpp.obj
 .ARM.attributes
                0x000000ba       0x34 CMakeFiles/mateROV.elf.dir/Core/Src/dma.c.obj
 .ARM.attributes
                0x000000ee       0x34 CMakeFiles/mateROV.elf.dir/Core/Src/freertos.c.obj
 .ARM.attributes
                0x00000122       0x34 CMakeFiles/mateROV.elf.dir/Core/Src/gpio.c.obj
 .ARM.attributes
                0x00000156       0x34 CMakeFiles/mateROV.elf.dir/Core/Src/main.c.obj
 .ARM.attributes
                0x0000018a       0x34 CMakeFiles/mateROV.elf.dir/Core/Src/stm32f4xx_hal_msp.c.obj
 .ARM.attributes
                0x000001be       0x34 CMakeFiles/mateROV.elf.dir/Core/Src/stm32f4xx_hal_timebase_tim.c.obj
 .ARM.attributes
                0x000001f2       0x34 CMakeFiles/mateROV.elf.dir/Core/Src/stm32f4xx_it.c.obj
 .ARM.attributes
                0x00000226       0x34 CMakeFiles/mateROV.elf.dir/Core/Src/syscalls.c.obj
 .ARM.attributes
                0x0000025a       0x34 CMakeFiles/mateROV.elf.dir/Core/Src/sysmem.c.obj
 .ARM.attributes
                0x0000028e       0x34 CMakeFiles/mateROV.elf.dir/Core/Src/system_stm32f4xx.c.obj
 .ARM.attributes
                0x000002c2       0x34 CMakeFiles/mateROV.elf.dir/Core/Src/tim.c.obj
 .ARM.attributes
                0x000002f6       0x34 CMakeFiles/mateROV.elf.dir/Core/Src/usart.c.obj
 .ARM.attributes
                0x0000032a       0x21 CMakeFiles/mateROV.elf.dir/Core/Startup/startup_stm32f405rgtx.s.obj
 .ARM.attributes
                0x0000034b       0x34 CMakeFiles/mateROV.elf.dir/Drivers/STM32F4xx_HAL_Driver/Src/stm32f4xx_hal.c.obj
 .ARM.attributes
                0x0000037f       0x34 CMakeFiles/mateROV.elf.dir/Drivers/STM32F4xx_HAL_Driver/Src/stm32f4xx_hal_cortex.c.obj
 .ARM.attributes
                0x000003b3       0x34 CMakeFiles/mateROV.elf.dir/Drivers/STM32F4xx_HAL_Driver/Src/stm32f4xx_hal_dma.c.obj
 .ARM.attributes
                0x000003e7       0x34 CMakeFiles/mateROV.elf.dir/Drivers/STM32F4xx_HAL_Driver/Src/stm32f4xx_hal_gpio.c.obj
 .ARM.attributes
                0x0000041b       0x34 CMakeFiles/mateROV.elf.dir/Drivers/STM32F4xx_HAL_Driver/Src/stm32f4xx_hal_rcc.c.obj
 .ARM.attributes
                0x0000044f       0x34 CMakeFiles/mateROV.elf.dir/Drivers/STM32F4xx_HAL_Driver/Src/stm32f4xx_hal_tim.c.obj
 .ARM.attributes
                0x00000483       0x34 CMakeFiles/mateROV.elf.dir/Drivers/STM32F4xx_HAL_Driver/Src/stm32f4xx_hal_tim_ex.c.obj
 .ARM.attributes
                0x000004b7       0x34 CMakeFiles/mateROV.elf.dir/Drivers/STM32F4xx_HAL_Driver/Src/stm32f4xx_hal_uart.c.obj
 .ARM.attributes
                0x000004eb       0x34 CMakeFiles/mateROV.elf.dir/Math_Lib/Mate_Math.cpp.obj
 .ARM.attributes
                0x0000051f       0x34 CMakeFiles/mateROV.elf.dir/Math_Lib/PID.cpp.obj
 .ARM.attributes
                0x00000553       0x34 CMakeFiles/mateROV.elf.dir/Middlewares/Third_Party/FreeRTOS/Source/CMSIS_RTOS_V2/cmsis_os2.c.obj
 .ARM.attributes
                0x00000587       0x34 CMakeFiles/mateROV.elf.dir/Middlewares/Third_Party/FreeRTOS/Source/list.c.obj
 .ARM.attributes
                0x000005bb       0x34 CMakeFiles/mateROV.elf.dir/Middlewares/Third_Party/FreeRTOS/Source/portable/GCC/ARM_CM4F/port.c.obj
 .ARM.attributes
                0x000005ef       0x34 CMakeFiles/mateROV.elf.dir/Middlewares/Third_Party/FreeRTOS/Source/portable/MemMang/heap_4.c.obj
 .ARM.attributes
                0x00000623       0x34 CMakeFiles/mateROV.elf.dir/Middlewares/Third_Party/FreeRTOS/Source/queue.c.obj
 .ARM.attributes
                0x00000657       0x34 CMakeFiles/mateROV.elf.dir/Middlewares/Third_Party/FreeRTOS/Source/tasks.c.obj
 .ARM.attributes
                0x0000068b       0x34 CMakeFiles/mateROV.elf.dir/Middlewares/Third_Party/FreeRTOS/Source/timers.c.obj
 .ARM.attributes
                0x000006bf       0x34 CMakeFiles/mateROV.elf.dir/User_Drivers/Driver_Control.cpp.obj
 .ARM.attributes
                0x000006f3       0x34 CMakeFiles/mateROV.elf.dir/User_Drivers/Driver_HI229.cpp.obj
 .ARM.attributes
                0x00000727       0x34 CMakeFiles/mateROV.elf.dir/User_Drivers/Driver_LED_E.cpp.obj
 .ARM.attributes
                0x0000075b       0x34 CMakeFiles/mateROV.elf.dir/User_Drivers/Driver_RC.cpp.obj
 .ARM.attributes
                0x0000078f       0x34 CMakeFiles/mateROV.elf.dir/User_Task/Task_HI229.cpp.obj
 .ARM.attributes
                0x000007c3       0x34 CMakeFiles/mateROV.elf.dir/User_Task/Task_LED.cpp.obj
 .ARM.attributes
                0x000007f7       0x34 CMakeFiles/mateROV.elf.dir/User_Task/Task_RC.cpp.obj
 .ARM.attributes
                0x0000082b       0x34 CMakeFiles/mateROV.elf.dir/User_Task/Task_ROV.cpp.obj
 .ARM.attributes
                0x0000085f       0x1e d:/envir/gcc-arm-none-eabi/bin/../lib/gcc/arm-none-eabi/10.3.1/thumb/v7e-m+fp/hard\libgcc.a(_aeabi_uldivmod.o)